running egg_info
creating ../build/delivery_mission/delivery_mission.egg-info
writing ../build/delivery_mission/delivery_mission.egg-info/PKG-INFO
writing dependency_links to ../build/delivery_mission/delivery_mission.egg-info/dependency_links.txt
writing entry points to ../build/delivery_mission/delivery_mission.egg-info/entry_points.txt
writing requirements to ../build/delivery_mission/delivery_mission.egg-info/requires.txt
writing top-level names to ../build/delivery_mission/delivery_mission.egg-info/top_level.txt
writing manifest file '../build/delivery_mission/delivery_mission.egg-info/SOURCES.txt'
reading manifest file '../build/delivery_mission/delivery_mission.egg-info/SOURCES.txt'
writing manifest file '../build/delivery_mission/delivery_mission.egg-info/SOURCES.txt'
running build
running build_py
creating /home/robot/Project/robot_ws/src/build/delivery_mission/build
creating /home/robot/Project/robot_ws/src/build/delivery_mission/build/lib
creating /home/robot/Project/robot_ws/src/build/delivery_mission/build/lib/delivery_mission
copying delivery_mission/__init__.py -> /home/robot/Project/robot_ws/src/build/delivery_mission/build/lib/delivery_mission
copying delivery_mission/delivery_mission.py -> /home/robot/Project/robot_ws/src/build/delivery_mission/build/lib/delivery_mission
running install
running install_lib
creating /home/robot/Project/robot_ws/src/install/delivery_mission/lib/python3.12/site-packages/delivery_mission
copying /home/robot/Project/robot_ws/src/build/delivery_mission/build/lib/delivery_mission/__init__.py -> /home/robot/Project/robot_ws/src/install/delivery_mission/lib/python3.12/site-packages/delivery_mission
copying /home/robot/Project/robot_ws/src/build/delivery_mission/build/lib/delivery_mission/delivery_mission.py -> /home/robot/Project/robot_ws/src/install/delivery_mission/lib/python3.12/site-packages/delivery_mission
byte-compiling /home/robot/Project/robot_ws/src/install/delivery_mission/lib/python3.12/site-packages/delivery_mission/__init__.py to __init__.cpython-312.pyc
byte-compiling /home/robot/Project/robot_ws/src/install/delivery_mission/lib/python3.12/site-packages/delivery_mission/delivery_mission.py to delivery_mission.cpython-312.pyc
running install_data
creating /home/robot/Project/robot_ws/src/install/delivery_mission/share/ament_index
creating /home/robot/Project/robot_ws/src/install/delivery_mission/share/ament_index/resource_index
creating /home/robot/Project/robot_ws/src/install/delivery_mission/share/ament_index/resource_index/packages
copying resource/delivery_mission -> /home/robot/Project/robot_ws/src/install/delivery_mission/share/ament_index/resource_index/packages
copying package.xml -> /home/robot/Project/robot_ws/src/install/delivery_mission/share/delivery_mission
running install_egg_info
Copying ../build/delivery_mission/delivery_mission.egg-info to /home/robot/Project/robot_ws/src/install/delivery_mission/lib/python3.12/site-packages/delivery_mission-0.0.0-py3.12.egg-info
running install_scripts
Installing delivery_mission script to /home/robot/Project/robot_ws/src/install/delivery_mission/lib/delivery_mission
writing list of installed files to '/home/robot/Project/robot_ws/src/build/delivery_mission/install.log'
