running egg_info
creating ../build/robot_calibrate/robot_calibrate.egg-info
writing ../build/robot_calibrate/robot_calibrate.egg-info/PKG-INFO
writing dependency_links to ../build/robot_calibrate/robot_calibrate.egg-info/dependency_links.txt
writing entry points to ../build/robot_calibrate/robot_calibrate.egg-info/entry_points.txt
writing requirements to ../build/robot_calibrate/robot_calibrate.egg-info/requires.txt
writing top-level names to ../build/robot_calibrate/robot_calibrate.egg-info/top_level.txt
writing manifest file '../build/robot_calibrate/robot_calibrate.egg-info/SOURCES.txt'
reading manifest file '../build/robot_calibrate/robot_calibrate.egg-info/SOURCES.txt'
writing manifest file '../build/robot_calibrate/robot_calibrate.egg-info/SOURCES.txt'
running build
running build_py
creating /home/robot/Project/robot_ws/src/build/robot_calibrate/build
creating /home/robot/Project/robot_ws/src/build/robot_calibrate/build/lib
creating /home/robot/Project/robot_ws/src/build/robot_calibrate/build/lib/robot_calibrate
copying robot_calibrate/robot_calibrate.py -> /home/robot/Project/robot_ws/src/build/robot_calibrate/build/lib/robot_calibrate
copying robot_calibrate/__init__.py -> /home/robot/Project/robot_ws/src/build/robot_calibrate/build/lib/robot_calibrate
running install
running install_lib
creating /home/robot/Project/robot_ws/src/install/robot_calibrate/lib/python3.12/site-packages/robot_calibrate
copying /home/robot/Project/robot_ws/src/build/robot_calibrate/build/lib/robot_calibrate/robot_calibrate.py -> /home/robot/Project/robot_ws/src/install/robot_calibrate/lib/python3.12/site-packages/robot_calibrate
copying /home/robot/Project/robot_ws/src/build/robot_calibrate/build/lib/robot_calibrate/__init__.py -> /home/robot/Project/robot_ws/src/install/robot_calibrate/lib/python3.12/site-packages/robot_calibrate
byte-compiling /home/robot/Project/robot_ws/src/install/robot_calibrate/lib/python3.12/site-packages/robot_calibrate/robot_calibrate.py to robot_calibrate.cpython-312.pyc
byte-compiling /home/robot/Project/robot_ws/src/install/robot_calibrate/lib/python3.12/site-packages/robot_calibrate/__init__.py to __init__.cpython-312.pyc
running install_data
creating /home/robot/Project/robot_ws/src/install/robot_calibrate/share/ament_index
creating /home/robot/Project/robot_ws/src/install/robot_calibrate/share/ament_index/resource_index
creating /home/robot/Project/robot_ws/src/install/robot_calibrate/share/ament_index/resource_index/packages
copying resource/robot_calibrate -> /home/robot/Project/robot_ws/src/install/robot_calibrate/share/ament_index/resource_index/packages
copying package.xml -> /home/robot/Project/robot_ws/src/install/robot_calibrate/share/robot_calibrate
running install_egg_info
Copying ../build/robot_calibrate/robot_calibrate.egg-info to /home/robot/Project/robot_ws/src/install/robot_calibrate/lib/python3.12/site-packages/robot_calibrate-0.0.0-py3.12.egg-info
running install_scripts
Installing robot_calibrate script to /home/robot/Project/robot_ws/src/install/robot_calibrate/lib/robot_calibrate
writing list of installed files to '/home/robot/Project/robot_ws/src/build/robot_calibrate/install.log'
