[0.158s] DEBUG:colcon:Command line arguments: ['/usr/bin/colcon', 'build']
[0.158s] DEBUG:colcon:Parsed command line arguments: Namespace(log_base=None, log_level=None, verb_name='build', build_base='build', install_base='install', merge_install=False, symlink_install=False, test_result_base=None, continue_on_error=False, executor='parallel', parallel_workers=4, event_handlers=None, ignore_user_meta=False, metas=['./colcon.meta'], base_paths=['.'], packages_ignore=None, packages_ignore_regex=None, paths=None, packages_up_to=None, packages_up_to_regex=None, packages_above=None, packages_above_and_dependencies=None, packages_above_depth=None, packages_select_by_dep=None, packages_skip_by_dep=None, packages_skip_up_to=None, packages_select_build_failed=False, packages_skip_build_finished=False, packages_select_test_failures=False, packages_skip_test_passed=False, packages_select=None, packages_skip=None, packages_select_regex=None, packages_skip_regex=None, packages_start=None, packages_end=None, allow_overriding=[], cmake_args=None, cmake_target=None, cmake_target_skip_unavailable=False, cmake_clean_cache=False, cmake_clean_first=False, cmake_force_configure=False, ament_cmake_args=None, catkin_cmake_args=None, catkin_skip_building_tests=False, mixin_files=None, mixin=None, verb_parser=<colcon_mixin.mixin.mixin_argument.MixinArgumentDecorator object at 0xffff9c752b40>, verb_extension=<colcon_core.verb.build.BuildVerb object at 0xffff9c7528d0>, main=<bound method BuildVerb.main of <colcon_core.verb.build.BuildVerb object at 0xffff9c7528d0>>, mixin_verb=('build',))
[0.217s] Level 1:colcon.colcon_core.package_discovery:discover_packages(colcon_meta) check parameters
[0.217s] Level 1:colcon.colcon_core.package_discovery:discover_packages(recursive) check parameters
[0.217s] Level 1:colcon.colcon_core.package_discovery:discover_packages(ignore) check parameters
[0.217s] Level 1:colcon.colcon_core.package_discovery:discover_packages(path) check parameters
[0.217s] Level 1:colcon.colcon_core.package_discovery:discover_packages(colcon_meta) discover
[0.217s] Level 1:colcon.colcon_core.package_discovery:discover_packages(recursive) discover
[0.217s] INFO:colcon.colcon_core.package_discovery:Crawling recursively for packages in '/home/robot/Project/robot_ws/src'
[0.217s] Level 1:colcon.colcon_core.package_identification:_identify(.) by extensions ['ignore', 'ignore_ament_install']
[0.217s] Level 1:colcon.colcon_core.package_identification:_identify(.) by extension 'ignore'
[0.218s] Level 1:colcon.colcon_core.package_identification:_identify(.) by extension 'ignore_ament_install'
[0.218s] Level 1:colcon.colcon_core.package_identification:_identify(.) by extensions ['colcon_pkg']
[0.218s] Level 1:colcon.colcon_core.package_identification:_identify(.) by extension 'colcon_pkg'
[0.218s] Level 1:colcon.colcon_core.package_identification:_identify(.) by extensions ['colcon_meta']
[0.218s] Level 1:colcon.colcon_core.package_identification:_identify(.) by extension 'colcon_meta'
[0.218s] Level 1:colcon.colcon_core.package_identification:_identify(.) by extensions ['ros']
[0.218s] Level 1:colcon.colcon_core.package_identification:_identify(.) by extension 'ros'
[0.257s] Level 1:colcon.colcon_core.package_identification:_identify(.) by extensions ['cmake', 'python']
[0.257s] Level 1:colcon.colcon_core.package_identification:_identify(.) by extension 'cmake'
[0.257s] Level 1:colcon.colcon_core.package_identification:_identify(.) by extension 'python'
[0.257s] Level 1:colcon.colcon_core.package_identification:_identify(.) by extensions ['python_setup_py']
[0.257s] Level 1:colcon.colcon_core.package_identification:_identify(.) by extension 'python_setup_py'
[0.257s] Level 1:colcon.colcon_core.package_identification:_identify(build) by extensions ['ignore', 'ignore_ament_install']
[0.257s] Level 1:colcon.colcon_core.package_identification:_identify(build) by extension 'ignore'
[0.257s] Level 1:colcon.colcon_core.package_identification:_identify(build) ignored
[0.258s] Level 1:colcon.colcon_core.package_identification:_identify(delivery_mission) by extensions ['ignore', 'ignore_ament_install']
[0.258s] Level 1:colcon.colcon_core.package_identification:_identify(delivery_mission) by extension 'ignore'
[0.258s] Level 1:colcon.colcon_core.package_identification:_identify(delivery_mission) by extension 'ignore_ament_install'
[0.258s] Level 1:colcon.colcon_core.package_identification:_identify(delivery_mission) by extensions ['colcon_pkg']
[0.258s] Level 1:colcon.colcon_core.package_identification:_identify(delivery_mission) by extension 'colcon_pkg'
[0.258s] Level 1:colcon.colcon_core.package_identification:_identify(delivery_mission) by extensions ['colcon_meta']
[0.258s] Level 1:colcon.colcon_core.package_identification:_identify(delivery_mission) by extension 'colcon_meta'
[0.258s] Level 1:colcon.colcon_core.package_identification:_identify(delivery_mission) by extensions ['ros']
[0.258s] Level 1:colcon.colcon_core.package_identification:_identify(delivery_mission) by extension 'ros'
[0.261s] DEBUG:colcon.colcon_core.package_identification:Package 'delivery_mission' with type 'ros.ament_python' and name 'delivery_mission'
[0.261s] Level 1:colcon.colcon_core.package_identification:_identify(install) by extensions ['ignore', 'ignore_ament_install']
[0.261s] Level 1:colcon.colcon_core.package_identification:_identify(install) by extension 'ignore'
[0.261s] Level 1:colcon.colcon_core.package_identification:_identify(install) ignored
[0.261s] Level 1:colcon.colcon_core.package_identification:_identify(log) by extensions ['ignore', 'ignore_ament_install']
[0.262s] Level 1:colcon.colcon_core.package_identification:_identify(log) by extension 'ignore'
[0.262s] Level 1:colcon.colcon_core.package_identification:_identify(log) ignored
[0.262s] Level 1:colcon.colcon_core.package_identification:_identify(robot_bringup) by extensions ['ignore', 'ignore_ament_install']
[0.262s] Level 1:colcon.colcon_core.package_identification:_identify(robot_bringup) by extension 'ignore'
[0.262s] Level 1:colcon.colcon_core.package_identification:_identify(robot_bringup) by extension 'ignore_ament_install'
[0.262s] Level 1:colcon.colcon_core.package_identification:_identify(robot_bringup) by extensions ['colcon_pkg']
[0.262s] Level 1:colcon.colcon_core.package_identification:_identify(robot_bringup) by extension 'colcon_pkg'
[0.262s] Level 1:colcon.colcon_core.package_identification:_identify(robot_bringup) by extensions ['colcon_meta']
[0.262s] Level 1:colcon.colcon_core.package_identification:_identify(robot_bringup) by extension 'colcon_meta'
[0.262s] Level 1:colcon.colcon_core.package_identification:_identify(robot_bringup) by extensions ['ros']
[0.262s] Level 1:colcon.colcon_core.package_identification:_identify(robot_bringup) by extension 'ros'
[0.263s] DEBUG:colcon.colcon_core.package_identification:Package 'robot_bringup' with type 'ros.ament_python' and name 'robot_bringup'
[0.263s] Level 1:colcon.colcon_core.package_identification:_identify(robot_calibrate) by extensions ['ignore', 'ignore_ament_install']
[0.263s] Level 1:colcon.colcon_core.package_identification:_identify(robot_calibrate) by extension 'ignore'
[0.263s] Level 1:colcon.colcon_core.package_identification:_identify(robot_calibrate) by extension 'ignore_ament_install'
[0.263s] Level 1:colcon.colcon_core.package_identification:_identify(robot_calibrate) by extensions ['colcon_pkg']
[0.263s] Level 1:colcon.colcon_core.package_identification:_identify(robot_calibrate) by extension 'colcon_pkg'
[0.263s] Level 1:colcon.colcon_core.package_identification:_identify(robot_calibrate) by extensions ['colcon_meta']
[0.263s] Level 1:colcon.colcon_core.package_identification:_identify(robot_calibrate) by extension 'colcon_meta'
[0.263s] Level 1:colcon.colcon_core.package_identification:_identify(robot_calibrate) by extensions ['ros']
[0.263s] Level 1:colcon.colcon_core.package_identification:_identify(robot_calibrate) by extension 'ros'
[0.264s] DEBUG:colcon.colcon_core.package_identification:Package 'robot_calibrate' with type 'ros.ament_python' and name 'robot_calibrate'
[0.264s] Level 1:colcon.colcon_core.package_identification:_identify(robot_dashboard) by extensions ['ignore', 'ignore_ament_install']
[0.264s] Level 1:colcon.colcon_core.package_identification:_identify(robot_dashboard) by extension 'ignore'
[0.264s] Level 1:colcon.colcon_core.package_identification:_identify(robot_dashboard) by extension 'ignore_ament_install'
[0.264s] Level 1:colcon.colcon_core.package_identification:_identify(robot_dashboard) by extensions ['colcon_pkg']
[0.264s] Level 1:colcon.colcon_core.package_identification:_identify(robot_dashboard) by extension 'colcon_pkg'
[0.264s] Level 1:colcon.colcon_core.package_identification:_identify(robot_dashboard) by extensions ['colcon_meta']
[0.264s] Level 1:colcon.colcon_core.package_identification:_identify(robot_dashboard) by extension 'colcon_meta'
[0.265s] Level 1:colcon.colcon_core.package_identification:_identify(robot_dashboard) by extensions ['ros']
[0.265s] Level 1:colcon.colcon_core.package_identification:_identify(robot_dashboard) by extension 'ros'
[0.265s] Level 1:colcon.colcon_core.package_identification:_identify(robot_dashboard) by extensions ['cmake', 'python']
[0.265s] Level 1:colcon.colcon_core.package_identification:_identify(robot_dashboard) by extension 'cmake'
[0.265s] Level 1:colcon.colcon_core.package_identification:_identify(robot_dashboard) by extension 'python'
[0.265s] Level 1:colcon.colcon_core.package_identification:_identify(robot_dashboard) by extensions ['python_setup_py']
[0.265s] Level 1:colcon.colcon_core.package_identification:_identify(robot_dashboard) by extension 'python_setup_py'
[0.265s] Level 1:colcon.colcon_core.package_identification:_identify(robot_dashboard/__pycache__) by extensions ['ignore', 'ignore_ament_install']
[0.265s] Level 1:colcon.colcon_core.package_identification:_identify(robot_dashboard/__pycache__) by extension 'ignore'
[0.265s] Level 1:colcon.colcon_core.package_identification:_identify(robot_dashboard/__pycache__) by extension 'ignore_ament_install'
[0.265s] Level 1:colcon.colcon_core.package_identification:_identify(robot_dashboard/__pycache__) by extensions ['colcon_pkg']
[0.265s] Level 1:colcon.colcon_core.package_identification:_identify(robot_dashboard/__pycache__) by extension 'colcon_pkg'
[0.265s] Level 1:colcon.colcon_core.package_identification:_identify(robot_dashboard/__pycache__) by extensions ['colcon_meta']
[0.265s] Level 1:colcon.colcon_core.package_identification:_identify(robot_dashboard/__pycache__) by extension 'colcon_meta'
[0.265s] Level 1:colcon.colcon_core.package_identification:_identify(robot_dashboard/__pycache__) by extensions ['ros']
[0.265s] Level 1:colcon.colcon_core.package_identification:_identify(robot_dashboard/__pycache__) by extension 'ros'
[0.265s] Level 1:colcon.colcon_core.package_identification:_identify(robot_dashboard/__pycache__) by extensions ['cmake', 'python']
[0.265s] Level 1:colcon.colcon_core.package_identification:_identify(robot_dashboard/__pycache__) by extension 'cmake'
[0.265s] Level 1:colcon.colcon_core.package_identification:_identify(robot_dashboard/__pycache__) by extension 'python'
[0.266s] Level 1:colcon.colcon_core.package_identification:_identify(robot_dashboard/__pycache__) by extensions ['python_setup_py']
[0.266s] Level 1:colcon.colcon_core.package_identification:_identify(robot_dashboard/__pycache__) by extension 'python_setup_py'
[0.266s] Level 1:colcon.colcon_core.package_identification:_identify(robot_description) by extensions ['ignore', 'ignore_ament_install']
[0.266s] Level 1:colcon.colcon_core.package_identification:_identify(robot_description) by extension 'ignore'
[0.266s] Level 1:colcon.colcon_core.package_identification:_identify(robot_description) by extension 'ignore_ament_install'
[0.266s] Level 1:colcon.colcon_core.package_identification:_identify(robot_description) by extensions ['colcon_pkg']
[0.266s] Level 1:colcon.colcon_core.package_identification:_identify(robot_description) by extension 'colcon_pkg'
[0.266s] Level 1:colcon.colcon_core.package_identification:_identify(robot_description) by extensions ['colcon_meta']
[0.266s] Level 1:colcon.colcon_core.package_identification:_identify(robot_description) by extension 'colcon_meta'
[0.266s] Level 1:colcon.colcon_core.package_identification:_identify(robot_description) by extensions ['ros']
[0.266s] Level 1:colcon.colcon_core.package_identification:_identify(robot_description) by extension 'ros'
[0.267s] DEBUG:colcon.colcon_core.package_identification:Package 'robot_description' with type 'ros.ament_python' and name 'robot_description'
[0.267s] Level 1:colcon.colcon_core.package_identification:_identify(robot_navigation) by extensions ['ignore', 'ignore_ament_install']
[0.267s] Level 1:colcon.colcon_core.package_identification:_identify(robot_navigation) by extension 'ignore'
[0.267s] Level 1:colcon.colcon_core.package_identification:_identify(robot_navigation) by extension 'ignore_ament_install'
[0.267s] Level 1:colcon.colcon_core.package_identification:_identify(robot_navigation) by extensions ['colcon_pkg']
[0.267s] Level 1:colcon.colcon_core.package_identification:_identify(robot_navigation) by extension 'colcon_pkg'
[0.267s] Level 1:colcon.colcon_core.package_identification:_identify(robot_navigation) by extensions ['colcon_meta']
[0.267s] Level 1:colcon.colcon_core.package_identification:_identify(robot_navigation) by extension 'colcon_meta'
[0.267s] Level 1:colcon.colcon_core.package_identification:_identify(robot_navigation) by extensions ['ros']
[0.267s] Level 1:colcon.colcon_core.package_identification:_identify(robot_navigation) by extension 'ros'
[0.268s] DEBUG:colcon.colcon_core.package_identification:Package 'robot_navigation' with type 'ros.ament_python' and name 'robot_navigation'
[0.268s] Level 1:colcon.colcon_core.package_identification:_identify(robot_odometry) by extensions ['ignore', 'ignore_ament_install']
[0.268s] Level 1:colcon.colcon_core.package_identification:_identify(robot_odometry) by extension 'ignore'
[0.268s] Level 1:colcon.colcon_core.package_identification:_identify(robot_odometry) by extension 'ignore_ament_install'
[0.268s] Level 1:colcon.colcon_core.package_identification:_identify(robot_odometry) by extensions ['colcon_pkg']
[0.268s] Level 1:colcon.colcon_core.package_identification:_identify(robot_odometry) by extension 'colcon_pkg'
[0.268s] Level 1:colcon.colcon_core.package_identification:_identify(robot_odometry) by extensions ['colcon_meta']
[0.268s] Level 1:colcon.colcon_core.package_identification:_identify(robot_odometry) by extension 'colcon_meta'
[0.269s] Level 1:colcon.colcon_core.package_identification:_identify(robot_odometry) by extensions ['ros']
[0.269s] Level 1:colcon.colcon_core.package_identification:_identify(robot_odometry) by extension 'ros'
[0.269s] DEBUG:colcon.colcon_core.package_identification:Package 'robot_odometry' with type 'ros.ament_python' and name 'robot_odometry'
[0.269s] Level 1:colcon.colcon_core.package_identification:_identify(robot_serial) by extensions ['ignore', 'ignore_ament_install']
[0.269s] Level 1:colcon.colcon_core.package_identification:_identify(robot_serial) by extension 'ignore'
[0.269s] Level 1:colcon.colcon_core.package_identification:_identify(robot_serial) by extension 'ignore_ament_install'
[0.269s] Level 1:colcon.colcon_core.package_identification:_identify(robot_serial) by extensions ['colcon_pkg']
[0.269s] Level 1:colcon.colcon_core.package_identification:_identify(robot_serial) by extension 'colcon_pkg'
[0.269s] Level 1:colcon.colcon_core.package_identification:_identify(robot_serial) by extensions ['colcon_meta']
[0.269s] Level 1:colcon.colcon_core.package_identification:_identify(robot_serial) by extension 'colcon_meta'
[0.269s] Level 1:colcon.colcon_core.package_identification:_identify(robot_serial) by extensions ['ros']
[0.269s] Level 1:colcon.colcon_core.package_identification:_identify(robot_serial) by extension 'ros'
[0.270s] DEBUG:colcon.colcon_core.package_identification:Package 'robot_serial' with type 'ros.ament_python' and name 'robot_serial'
[0.270s] Level 1:colcon.colcon_core.package_identification:_identify(safety_node) by extensions ['ignore', 'ignore_ament_install']
[0.270s] Level 1:colcon.colcon_core.package_identification:_identify(safety_node) by extension 'ignore'
[0.270s] Level 1:colcon.colcon_core.package_identification:_identify(safety_node) by extension 'ignore_ament_install'
[0.270s] Level 1:colcon.colcon_core.package_identification:_identify(safety_node) by extensions ['colcon_pkg']
[0.270s] Level 1:colcon.colcon_core.package_identification:_identify(safety_node) by extension 'colcon_pkg'
[0.270s] Level 1:colcon.colcon_core.package_identification:_identify(safety_node) by extensions ['colcon_meta']
[0.270s] Level 1:colcon.colcon_core.package_identification:_identify(safety_node) by extension 'colcon_meta'
[0.270s] Level 1:colcon.colcon_core.package_identification:_identify(safety_node) by extensions ['ros']
[0.270s] Level 1:colcon.colcon_core.package_identification:_identify(safety_node) by extension 'ros'
[0.271s] DEBUG:colcon.colcon_core.package_identification:Package 'safety_node' with type 'ros.ament_python' and name 'safety_node'
[0.271s] Level 1:colcon.colcon_core.package_identification:_identify(teleop_key) by extensions ['ignore', 'ignore_ament_install']
[0.271s] Level 1:colcon.colcon_core.package_identification:_identify(teleop_key) by extension 'ignore'
[0.271s] Level 1:colcon.colcon_core.package_identification:_identify(teleop_key) by extension 'ignore_ament_install'
[0.271s] Level 1:colcon.colcon_core.package_identification:_identify(teleop_key) by extensions ['colcon_pkg']
[0.271s] Level 1:colcon.colcon_core.package_identification:_identify(teleop_key) by extension 'colcon_pkg'
[0.271s] Level 1:colcon.colcon_core.package_identification:_identify(teleop_key) by extensions ['colcon_meta']
[0.271s] Level 1:colcon.colcon_core.package_identification:_identify(teleop_key) by extension 'colcon_meta'
[0.271s] Level 1:colcon.colcon_core.package_identification:_identify(teleop_key) by extensions ['ros']
[0.271s] Level 1:colcon.colcon_core.package_identification:_identify(teleop_key) by extension 'ros'
[0.272s] DEBUG:colcon.colcon_core.package_identification:Package 'teleop_key' with type 'ros.ament_python' and name 'teleop_key'
[0.272s] Level 1:colcon.colcon_core.package_discovery:discover_packages(recursive) using defaults
[0.272s] Level 1:colcon.colcon_core.package_discovery:discover_packages(ignore) discover
[0.272s] Level 1:colcon.colcon_core.package_discovery:discover_packages(ignore) using defaults
[0.272s] Level 1:colcon.colcon_core.package_discovery:discover_packages(path) discover
[0.272s] Level 1:colcon.colcon_core.package_discovery:discover_packages(path) using defaults
[0.298s] Level 1:colcon.colcon_core.package_discovery:discover_packages(prefix_path) check parameters
[0.298s] Level 1:colcon.colcon_core.package_discovery:discover_packages(prefix_path) discover
[0.301s] DEBUG:colcon.colcon_installed_package_information.package_discovery:Found 1 installed packages in /home/robot/Project/robot_ws/src/install
[0.302s] DEBUG:colcon.colcon_installed_package_information.package_discovery:Found 9 installed packages in /home/robot/Project/robot_ws/install
[0.304s] DEBUG:colcon.colcon_installed_package_information.package_discovery:Found 393 installed packages in /opt/ros/jazzy
[0.307s] Level 1:colcon.colcon_core.package_discovery:discover_packages(prefix_path) using defaults
[0.385s] Level 5:colcon.colcon_core.verb:set package 'delivery_mission' build argument 'cmake_args' from command line to 'None'
[0.385s] Level 5:colcon.colcon_core.verb:set package 'delivery_mission' build argument 'cmake_target' from command line to 'None'
[0.385s] Level 5:colcon.colcon_core.verb:set package 'delivery_mission' build argument 'cmake_target_skip_unavailable' from command line to 'False'
[0.385s] Level 5:colcon.colcon_core.verb:set package 'delivery_mission' build argument 'cmake_clean_cache' from command line to 'False'
[0.385s] Level 5:colcon.colcon_core.verb:set package 'delivery_mission' build argument 'cmake_clean_first' from command line to 'False'
[0.385s] Level 5:colcon.colcon_core.verb:set package 'delivery_mission' build argument 'cmake_force_configure' from command line to 'False'
[0.385s] Level 5:colcon.colcon_core.verb:set package 'delivery_mission' build argument 'ament_cmake_args' from command line to 'None'
[0.386s] Level 5:colcon.colcon_core.verb:set package 'delivery_mission' build argument 'catkin_cmake_args' from command line to 'None'
[0.386s] Level 5:colcon.colcon_core.verb:set package 'delivery_mission' build argument 'catkin_skip_building_tests' from command line to 'False'
[0.386s] DEBUG:colcon.colcon_core.verb:Building package 'delivery_mission' with the following arguments: {'ament_cmake_args': None, 'build_base': '/home/robot/Project/robot_ws/src/build/delivery_mission', 'catkin_cmake_args': None, 'catkin_skip_building_tests': False, 'cmake_args': None, 'cmake_clean_cache': False, 'cmake_clean_first': False, 'cmake_force_configure': False, 'cmake_target': None, 'cmake_target_skip_unavailable': False, 'install_base': '/home/robot/Project/robot_ws/src/install/delivery_mission', 'merge_install': False, 'path': '/home/robot/Project/robot_ws/src/delivery_mission', 'symlink_install': False, 'test_result_base': None}
[0.386s] Level 5:colcon.colcon_core.verb:set package 'robot_bringup' build argument 'cmake_args' from command line to 'None'
[0.386s] Level 5:colcon.colcon_core.verb:set package 'robot_bringup' build argument 'cmake_target' from command line to 'None'
[0.386s] Level 5:colcon.colcon_core.verb:set package 'robot_bringup' build argument 'cmake_target_skip_unavailable' from command line to 'False'
[0.386s] Level 5:colcon.colcon_core.verb:set package 'robot_bringup' build argument 'cmake_clean_cache' from command line to 'False'
[0.386s] Level 5:colcon.colcon_core.verb:set package 'robot_bringup' build argument 'cmake_clean_first' from command line to 'False'
[0.386s] Level 5:colcon.colcon_core.verb:set package 'robot_bringup' build argument 'cmake_force_configure' from command line to 'False'
[0.386s] Level 5:colcon.colcon_core.verb:set package 'robot_bringup' build argument 'ament_cmake_args' from command line to 'None'
[0.386s] Level 5:colcon.colcon_core.verb:set package 'robot_bringup' build argument 'catkin_cmake_args' from command line to 'None'
[0.386s] Level 5:colcon.colcon_core.verb:set package 'robot_bringup' build argument 'catkin_skip_building_tests' from command line to 'False'
[0.386s] DEBUG:colcon.colcon_core.verb:Building package 'robot_bringup' with the following arguments: {'ament_cmake_args': None, 'build_base': '/home/robot/Project/robot_ws/src/build/robot_bringup', 'catkin_cmake_args': None, 'catkin_skip_building_tests': False, 'cmake_args': None, 'cmake_clean_cache': False, 'cmake_clean_first': False, 'cmake_force_configure': False, 'cmake_target': None, 'cmake_target_skip_unavailable': False, 'install_base': '/home/robot/Project/robot_ws/src/install/robot_bringup', 'merge_install': False, 'path': '/home/robot/Project/robot_ws/src/robot_bringup', 'symlink_install': False, 'test_result_base': None}
[0.387s] Level 5:colcon.colcon_core.verb:set package 'robot_calibrate' build argument 'cmake_args' from command line to 'None'
[0.387s] Level 5:colcon.colcon_core.verb:set package 'robot_calibrate' build argument 'cmake_target' from command line to 'None'
[0.387s] Level 5:colcon.colcon_core.verb:set package 'robot_calibrate' build argument 'cmake_target_skip_unavailable' from command line to 'False'
[0.387s] Level 5:colcon.colcon_core.verb:set package 'robot_calibrate' build argument 'cmake_clean_cache' from command line to 'False'
[0.387s] Level 5:colcon.colcon_core.verb:set package 'robot_calibrate' build argument 'cmake_clean_first' from command line to 'False'
[0.387s] Level 5:colcon.colcon_core.verb:set package 'robot_calibrate' build argument 'cmake_force_configure' from command line to 'False'
[0.387s] Level 5:colcon.colcon_core.verb:set package 'robot_calibrate' build argument 'ament_cmake_args' from command line to 'None'
[0.387s] Level 5:colcon.colcon_core.verb:set package 'robot_calibrate' build argument 'catkin_cmake_args' from command line to 'None'
[0.387s] Level 5:colcon.colcon_core.verb:set package 'robot_calibrate' build argument 'catkin_skip_building_tests' from command line to 'False'
[0.387s] DEBUG:colcon.colcon_core.verb:Building package 'robot_calibrate' with the following arguments: {'ament_cmake_args': None, 'build_base': '/home/robot/Project/robot_ws/src/build/robot_calibrate', 'catkin_cmake_args': None, 'catkin_skip_building_tests': False, 'cmake_args': None, 'cmake_clean_cache': False, 'cmake_clean_first': False, 'cmake_force_configure': False, 'cmake_target': None, 'cmake_target_skip_unavailable': False, 'install_base': '/home/robot/Project/robot_ws/src/install/robot_calibrate', 'merge_install': False, 'path': '/home/robot/Project/robot_ws/src/robot_calibrate', 'symlink_install': False, 'test_result_base': None}
[0.387s] Level 5:colcon.colcon_core.verb:set package 'robot_description' build argument 'cmake_args' from command line to 'None'
[0.387s] Level 5:colcon.colcon_core.verb:set package 'robot_description' build argument 'cmake_target' from command line to 'None'
[0.387s] Level 5:colcon.colcon_core.verb:set package 'robot_description' build argument 'cmake_target_skip_unavailable' from command line to 'False'
[0.387s] Level 5:colcon.colcon_core.verb:set package 'robot_description' build argument 'cmake_clean_cache' from command line to 'False'
[0.388s] Level 5:colcon.colcon_core.verb:set package 'robot_description' build argument 'cmake_clean_first' from command line to 'False'
[0.388s] Level 5:colcon.colcon_core.verb:set package 'robot_description' build argument 'cmake_force_configure' from command line to 'False'
[0.388s] Level 5:colcon.colcon_core.verb:set package 'robot_description' build argument 'ament_cmake_args' from command line to 'None'
[0.388s] Level 5:colcon.colcon_core.verb:set package 'robot_description' build argument 'catkin_cmake_args' from command line to 'None'
[0.388s] Level 5:colcon.colcon_core.verb:set package 'robot_description' build argument 'catkin_skip_building_tests' from command line to 'False'
[0.388s] DEBUG:colcon.colcon_core.verb:Building package 'robot_description' with the following arguments: {'ament_cmake_args': None, 'build_base': '/home/robot/Project/robot_ws/src/build/robot_description', 'catkin_cmake_args': None, 'catkin_skip_building_tests': False, 'cmake_args': None, 'cmake_clean_cache': False, 'cmake_clean_first': False, 'cmake_force_configure': False, 'cmake_target': None, 'cmake_target_skip_unavailable': False, 'install_base': '/home/robot/Project/robot_ws/src/install/robot_description', 'merge_install': False, 'path': '/home/robot/Project/robot_ws/src/robot_description', 'symlink_install': False, 'test_result_base': None}
[0.388s] Level 5:colcon.colcon_core.verb:set package 'robot_navigation' build argument 'cmake_args' from command line to 'None'
[0.388s] Level 5:colcon.colcon_core.verb:set package 'robot_navigation' build argument 'cmake_target' from command line to 'None'
[0.388s] Level 5:colcon.colcon_core.verb:set package 'robot_navigation' build argument 'cmake_target_skip_unavailable' from command line to 'False'
[0.388s] Level 5:colcon.colcon_core.verb:set package 'robot_navigation' build argument 'cmake_clean_cache' from command line to 'False'
[0.388s] Level 5:colcon.colcon_core.verb:set package 'robot_navigation' build argument 'cmake_clean_first' from command line to 'False'
[0.388s] Level 5:colcon.colcon_core.verb:set package 'robot_navigation' build argument 'cmake_force_configure' from command line to 'False'
[0.388s] Level 5:colcon.colcon_core.verb:set package 'robot_navigation' build argument 'ament_cmake_args' from command line to 'None'
[0.388s] Level 5:colcon.colcon_core.verb:set package 'robot_navigation' build argument 'catkin_cmake_args' from command line to 'None'
[0.388s] Level 5:colcon.colcon_core.verb:set package 'robot_navigation' build argument 'catkin_skip_building_tests' from command line to 'False'
[0.388s] DEBUG:colcon.colcon_core.verb:Building package 'robot_navigation' with the following arguments: {'ament_cmake_args': None, 'build_base': '/home/robot/Project/robot_ws/src/build/robot_navigation', 'catkin_cmake_args': None, 'catkin_skip_building_tests': False, 'cmake_args': None, 'cmake_clean_cache': False, 'cmake_clean_first': False, 'cmake_force_configure': False, 'cmake_target': None, 'cmake_target_skip_unavailable': False, 'install_base': '/home/robot/Project/robot_ws/src/install/robot_navigation', 'merge_install': False, 'path': '/home/robot/Project/robot_ws/src/robot_navigation', 'symlink_install': False, 'test_result_base': None}
[0.389s] Level 5:colcon.colcon_core.verb:set package 'robot_odometry' build argument 'cmake_args' from command line to 'None'
[0.389s] Level 5:colcon.colcon_core.verb:set package 'robot_odometry' build argument 'cmake_target' from command line to 'None'
[0.389s] Level 5:colcon.colcon_core.verb:set package 'robot_odometry' build argument 'cmake_target_skip_unavailable' from command line to 'False'
[0.389s] Level 5:colcon.colcon_core.verb:set package 'robot_odometry' build argument 'cmake_clean_cache' from command line to 'False'
[0.389s] Level 5:colcon.colcon_core.verb:set package 'robot_odometry' build argument 'cmake_clean_first' from command line to 'False'
[0.389s] Level 5:colcon.colcon_core.verb:set package 'robot_odometry' build argument 'cmake_force_configure' from command line to 'False'
[0.389s] Level 5:colcon.colcon_core.verb:set package 'robot_odometry' build argument 'ament_cmake_args' from command line to 'None'
[0.389s] Level 5:colcon.colcon_core.verb:set package 'robot_odometry' build argument 'catkin_cmake_args' from command line to 'None'
[0.389s] Level 5:colcon.colcon_core.verb:set package 'robot_odometry' build argument 'catkin_skip_building_tests' from command line to 'False'
[0.389s] DEBUG:colcon.colcon_core.verb:Building package 'robot_odometry' with the following arguments: {'ament_cmake_args': None, 'build_base': '/home/robot/Project/robot_ws/src/build/robot_odometry', 'catkin_cmake_args': None, 'catkin_skip_building_tests': False, 'cmake_args': None, 'cmake_clean_cache': False, 'cmake_clean_first': False, 'cmake_force_configure': False, 'cmake_target': None, 'cmake_target_skip_unavailable': False, 'install_base': '/home/robot/Project/robot_ws/src/install/robot_odometry', 'merge_install': False, 'path': '/home/robot/Project/robot_ws/src/robot_odometry', 'symlink_install': False, 'test_result_base': None}
[0.389s] Level 5:colcon.colcon_core.verb:set package 'robot_serial' build argument 'cmake_args' from command line to 'None'
[0.389s] Level 5:colcon.colcon_core.verb:set package 'robot_serial' build argument 'cmake_target' from command line to 'None'
[0.389s] Level 5:colcon.colcon_core.verb:set package 'robot_serial' build argument 'cmake_target_skip_unavailable' from command line to 'False'
[0.389s] Level 5:colcon.colcon_core.verb:set package 'robot_serial' build argument 'cmake_clean_cache' from command line to 'False'
[0.389s] Level 5:colcon.colcon_core.verb:set package 'robot_serial' build argument 'cmake_clean_first' from command line to 'False'
[0.389s] Level 5:colcon.colcon_core.verb:set package 'robot_serial' build argument 'cmake_force_configure' from command line to 'False'
[0.389s] Level 5:colcon.colcon_core.verb:set package 'robot_serial' build argument 'ament_cmake_args' from command line to 'None'
[0.389s] Level 5:colcon.colcon_core.verb:set package 'robot_serial' build argument 'catkin_cmake_args' from command line to 'None'
[0.389s] Level 5:colcon.colcon_core.verb:set package 'robot_serial' build argument 'catkin_skip_building_tests' from command line to 'False'
[0.389s] DEBUG:colcon.colcon_core.verb:Building package 'robot_serial' with the following arguments: {'ament_cmake_args': None, 'build_base': '/home/robot/Project/robot_ws/src/build/robot_serial', 'catkin_cmake_args': None, 'catkin_skip_building_tests': False, 'cmake_args': None, 'cmake_clean_cache': False, 'cmake_clean_first': False, 'cmake_force_configure': False, 'cmake_target': None, 'cmake_target_skip_unavailable': False, 'install_base': '/home/robot/Project/robot_ws/src/install/robot_serial', 'merge_install': False, 'path': '/home/robot/Project/robot_ws/src/robot_serial', 'symlink_install': False, 'test_result_base': None}
[0.390s] Level 5:colcon.colcon_core.verb:set package 'safety_node' build argument 'cmake_args' from command line to 'None'
[0.390s] Level 5:colcon.colcon_core.verb:set package 'safety_node' build argument 'cmake_target' from command line to 'None'
[0.390s] Level 5:colcon.colcon_core.verb:set package 'safety_node' build argument 'cmake_target_skip_unavailable' from command line to 'False'
[0.390s] Level 5:colcon.colcon_core.verb:set package 'safety_node' build argument 'cmake_clean_cache' from command line to 'False'
[0.390s] Level 5:colcon.colcon_core.verb:set package 'safety_node' build argument 'cmake_clean_first' from command line to 'False'
[0.390s] Level 5:colcon.colcon_core.verb:set package 'safety_node' build argument 'cmake_force_configure' from command line to 'False'
[0.390s] Level 5:colcon.colcon_core.verb:set package 'safety_node' build argument 'ament_cmake_args' from command line to 'None'
[0.390s] Level 5:colcon.colcon_core.verb:set package 'safety_node' build argument 'catkin_cmake_args' from command line to 'None'
[0.390s] Level 5:colcon.colcon_core.verb:set package 'safety_node' build argument 'catkin_skip_building_tests' from command line to 'False'
[0.390s] DEBUG:colcon.colcon_core.verb:Building package 'safety_node' with the following arguments: {'ament_cmake_args': None, 'build_base': '/home/robot/Project/robot_ws/src/build/safety_node', 'catkin_cmake_args': None, 'catkin_skip_building_tests': False, 'cmake_args': None, 'cmake_clean_cache': False, 'cmake_clean_first': False, 'cmake_force_configure': False, 'cmake_target': None, 'cmake_target_skip_unavailable': False, 'install_base': '/home/robot/Project/robot_ws/src/install/safety_node', 'merge_install': False, 'path': '/home/robot/Project/robot_ws/src/safety_node', 'symlink_install': False, 'test_result_base': None}
[0.390s] Level 5:colcon.colcon_core.verb:set package 'teleop_key' build argument 'cmake_args' from command line to 'None'
[0.390s] Level 5:colcon.colcon_core.verb:set package 'teleop_key' build argument 'cmake_target' from command line to 'None'
[0.390s] Level 5:colcon.colcon_core.verb:set package 'teleop_key' build argument 'cmake_target_skip_unavailable' from command line to 'False'
[0.390s] Level 5:colcon.colcon_core.verb:set package 'teleop_key' build argument 'cmake_clean_cache' from command line to 'False'
[0.390s] Level 5:colcon.colcon_core.verb:set package 'teleop_key' build argument 'cmake_clean_first' from command line to 'False'
[0.390s] Level 5:colcon.colcon_core.verb:set package 'teleop_key' build argument 'cmake_force_configure' from command line to 'False'
[0.390s] Level 5:colcon.colcon_core.verb:set package 'teleop_key' build argument 'ament_cmake_args' from command line to 'None'
[0.390s] Level 5:colcon.colcon_core.verb:set package 'teleop_key' build argument 'catkin_cmake_args' from command line to 'None'
[0.390s] Level 5:colcon.colcon_core.verb:set package 'teleop_key' build argument 'catkin_skip_building_tests' from command line to 'False'
[0.390s] DEBUG:colcon.colcon_core.verb:Building package 'teleop_key' with the following arguments: {'ament_cmake_args': None, 'build_base': '/home/robot/Project/robot_ws/src/build/teleop_key', 'catkin_cmake_args': None, 'catkin_skip_building_tests': False, 'cmake_args': None, 'cmake_clean_cache': False, 'cmake_clean_first': False, 'cmake_force_configure': False, 'cmake_target': None, 'cmake_target_skip_unavailable': False, 'install_base': '/home/robot/Project/robot_ws/src/install/teleop_key', 'merge_install': False, 'path': '/home/robot/Project/robot_ws/src/teleop_key', 'symlink_install': False, 'test_result_base': None}
[0.391s] INFO:colcon.colcon_core.executor:Executing jobs using 'parallel' executor
[0.392s] DEBUG:colcon.colcon_parallel_executor.executor.parallel:run_until_complete
[0.392s] INFO:colcon.colcon_ros.task.ament_python.build:Building ROS package in '/home/robot/Project/robot_ws/src/delivery_mission' with build type 'ament_python'
[0.393s] Level 1:colcon.colcon_core.shell:create_environment_hook('delivery_mission', 'ament_prefix_path')
[0.398s] INFO:colcon.colcon_core.plugin_system:Skipping extension 'colcon_core.shell.bat': Not used on non-Windows systems
[0.398s] INFO:colcon.colcon_core.shell:Creating environment hook '/home/robot/Project/robot_ws/src/install/delivery_mission/share/delivery_mission/hook/ament_prefix_path.ps1'
[0.401s] INFO:colcon.colcon_core.shell:Creating environment descriptor '/home/robot/Project/robot_ws/src/install/delivery_mission/share/delivery_mission/hook/ament_prefix_path.dsv'
[0.407s] INFO:colcon.colcon_core.shell:Creating environment hook '/home/robot/Project/robot_ws/src/install/delivery_mission/share/delivery_mission/hook/ament_prefix_path.sh'
[0.409s] INFO:colcon.colcon_core.shell:Skip shell extension 'powershell' for command environment: Not usable outside of PowerShell
[0.409s] DEBUG:colcon.colcon_core.shell:Skip shell extension 'dsv' for command environment
[0.417s] INFO:colcon.colcon_ros.task.ament_python.build:Building ROS package in '/home/robot/Project/robot_ws/src/robot_bringup' with build type 'ament_python'
[0.417s] Level 1:colcon.colcon_core.shell:create_environment_hook('robot_bringup', 'ament_prefix_path')
[0.417s] INFO:colcon.colcon_core.shell:Creating environment hook '/home/robot/Project/robot_ws/src/install/robot_bringup/share/robot_bringup/hook/ament_prefix_path.ps1'
[0.418s] INFO:colcon.colcon_core.shell:Creating environment descriptor '/home/robot/Project/robot_ws/src/install/robot_bringup/share/robot_bringup/hook/ament_prefix_path.dsv'
[0.419s] INFO:colcon.colcon_core.shell:Creating environment hook '/home/robot/Project/robot_ws/src/install/robot_bringup/share/robot_bringup/hook/ament_prefix_path.sh'
[0.420s] INFO:colcon.colcon_core.shell:Skip shell extension 'powershell' for command environment: Not usable outside of PowerShell
[0.420s] DEBUG:colcon.colcon_core.shell:Skip shell extension 'dsv' for command environment
[0.426s] INFO:colcon.colcon_ros.task.ament_python.build:Building ROS package in '/home/robot/Project/robot_ws/src/robot_calibrate' with build type 'ament_python'
[0.427s] Level 1:colcon.colcon_core.shell:create_environment_hook('robot_calibrate', 'ament_prefix_path')
[0.427s] INFO:colcon.colcon_core.shell:Creating environment hook '/home/robot/Project/robot_ws/src/install/robot_calibrate/share/robot_calibrate/hook/ament_prefix_path.ps1'
[0.428s] INFO:colcon.colcon_core.shell:Creating environment descriptor '/home/robot/Project/robot_ws/src/install/robot_calibrate/share/robot_calibrate/hook/ament_prefix_path.dsv'
[0.428s] INFO:colcon.colcon_core.shell:Creating environment hook '/home/robot/Project/robot_ws/src/install/robot_calibrate/share/robot_calibrate/hook/ament_prefix_path.sh'
[0.429s] INFO:colcon.colcon_core.shell:Skip shell extension 'powershell' for command environment: Not usable outside of PowerShell
[0.429s] DEBUG:colcon.colcon_core.shell:Skip shell extension 'dsv' for command environment
[0.438s] INFO:colcon.colcon_ros.task.ament_python.build:Building ROS package in '/home/robot/Project/robot_ws/src/robot_description' with build type 'ament_python'
[0.438s] Level 1:colcon.colcon_core.shell:create_environment_hook('robot_description', 'ament_prefix_path')
[0.439s] INFO:colcon.colcon_core.shell:Creating environment hook '/home/robot/Project/robot_ws/src/install/robot_description/share/robot_description/hook/ament_prefix_path.ps1'
[0.440s] INFO:colcon.colcon_core.shell:Creating environment descriptor '/home/robot/Project/robot_ws/src/install/robot_description/share/robot_description/hook/ament_prefix_path.dsv'
[0.442s] INFO:colcon.colcon_core.shell:Creating environment hook '/home/robot/Project/robot_ws/src/install/robot_description/share/robot_description/hook/ament_prefix_path.sh'
[0.444s] INFO:colcon.colcon_core.shell:Skip shell extension 'powershell' for command environment: Not usable outside of PowerShell
[0.444s] DEBUG:colcon.colcon_core.shell:Skip shell extension 'dsv' for command environment
[0.827s] INFO:colcon.colcon_core.task.python.build:Building Python package in '/home/robot/Project/robot_ws/src/delivery_mission'
[0.828s] INFO:colcon.colcon_core.shell:Skip shell extension 'powershell' for command environment: Not usable outside of PowerShell
[0.828s] DEBUG:colcon.colcon_core.shell:Skip shell extension 'dsv' for command environment
[1.210s] INFO:colcon.colcon_core.task.python.build:Building Python package in '/home/robot/Project/robot_ws/src/robot_bringup'
[1.211s] INFO:colcon.colcon_core.shell:Skip shell extension 'powershell' for command environment: Not usable outside of PowerShell
[1.211s] DEBUG:colcon.colcon_core.shell:Skip shell extension 'dsv' for command environment
[1.566s] INFO:colcon.colcon_core.task.python.build:Building Python package in '/home/robot/Project/robot_ws/src/robot_calibrate'
[1.566s] INFO:colcon.colcon_core.shell:Skip shell extension 'powershell' for command environment: Not usable outside of PowerShell
[1.566s] DEBUG:colcon.colcon_core.shell:Skip shell extension 'dsv' for command environment
[1.926s] INFO:colcon.colcon_core.task.python.build:Building Python package in '/home/robot/Project/robot_ws/src/robot_description'
[1.926s] INFO:colcon.colcon_core.shell:Skip shell extension 'powershell' for command environment: Not usable outside of PowerShell
[1.926s] DEBUG:colcon.colcon_core.shell:Skip shell extension 'dsv' for command environment
[3.184s] DEBUG:colcon.colcon_core.task.python.build:Available setuptools commands: install_lib, bdist, saveopts, sdist, easy_install, upload_docs, rotate, bdist_egg, build_py, setopt, build_ext, compile_catalog, alias, build_clib, test, install, bdist_dumb, extract_messages, init_catalog, upload, clean, develop, bdist_wheel, install_egg_info, install_data, bdist_rpm, check, build_scripts, build, symlink_data, install_headers, update_catalog, install_scripts, egg_info, register, dist_info, editable_wheel
[3.190s] DEBUG:colcon.colcon_core.event_handler.log_command:Invoking command in '/home/robot/Project/robot_ws/src/robot_bringup': DEBUGINFOD_URLS=https://debuginfod.ubuntu.com PYTHONPATH=/home/robot/Project/robot_ws/src/build/robot_bringup/prefix_override:/usr/lib/python3/dist-packages/colcon_core/task/python/colcon_distutils_commands:/home/robot/Project/robot_ws/src/install/robot_bringup/lib/python3.12/site-packages:${PYTHONPATH} /usr/bin/python3 -W ignore:setup.py install is deprecated -W ignore:easy_install command is deprecated setup.py egg_info --egg-base ../build/robot_bringup build --build-base /home/robot/Project/robot_ws/src/build/robot_bringup/build install --record /home/robot/Project/robot_ws/src/build/robot_bringup/install.log --install-scripts $base/lib/robot_bringup --single-version-externally-managed install_data
[3.237s] DEBUG:colcon.colcon_core.task.python.build:Available setuptools commands: install_lib, bdist, saveopts, sdist, easy_install, upload_docs, rotate, bdist_egg, build_py, setopt, build_ext, compile_catalog, alias, build_clib, test, install, bdist_dumb, extract_messages, init_catalog, upload, clean, develop, bdist_wheel, install_egg_info, install_data, bdist_rpm, check, build_scripts, build, symlink_data, install_headers, update_catalog, install_scripts, egg_info, register, dist_info, editable_wheel
[3.241s] DEBUG:colcon.colcon_core.event_handler.log_command:Invoking command in '/home/robot/Project/robot_ws/src/robot_calibrate': DEBUGINFOD_URLS=https://debuginfod.ubuntu.com PYTHONPATH=/home/robot/Project/robot_ws/src/build/robot_calibrate/prefix_override:/usr/lib/python3/dist-packages/colcon_core/task/python/colcon_distutils_commands:/home/robot/Project/robot_ws/src/install/robot_calibrate/lib/python3.12/site-packages:${PYTHONPATH} /usr/bin/python3 -W ignore:setup.py install is deprecated -W ignore:easy_install command is deprecated setup.py egg_info --egg-base ../build/robot_calibrate build --build-base /home/robot/Project/robot_ws/src/build/robot_calibrate/build install --record /home/robot/Project/robot_ws/src/build/robot_calibrate/install.log --install-scripts $base/lib/robot_calibrate --single-version-externally-managed install_data
[3.250s] DEBUG:colcon.colcon_core.task.python.build:Available setuptools commands: install_lib, bdist, saveopts, sdist, easy_install, upload_docs, rotate, bdist_egg, build_py, setopt, build_ext, compile_catalog, alias, build_clib, test, install, bdist_dumb, extract_messages, init_catalog, upload, clean, develop, bdist_wheel, install_egg_info, install_data, bdist_rpm, check, build_scripts, build, symlink_data, install_headers, update_catalog, install_scripts, egg_info, register, dist_info, editable_wheel
[3.255s] DEBUG:colcon.colcon_core.event_handler.log_command:Invoking command in '/home/robot/Project/robot_ws/src/delivery_mission': DEBUGINFOD_URLS=https://debuginfod.ubuntu.com PYTHONPATH=/home/robot/Project/robot_ws/src/build/delivery_mission/prefix_override:/usr/lib/python3/dist-packages/colcon_core/task/python/colcon_distutils_commands:/home/robot/Project/robot_ws/src/install/delivery_mission/lib/python3.12/site-packages:${PYTHONPATH} /usr/bin/python3 -W ignore:setup.py install is deprecated -W ignore:easy_install command is deprecated setup.py egg_info --egg-base ../build/delivery_mission build --build-base /home/robot/Project/robot_ws/src/build/delivery_mission/build install --record /home/robot/Project/robot_ws/src/build/delivery_mission/install.log --install-scripts $base/lib/delivery_mission --single-version-externally-managed install_data
[3.341s] DEBUG:colcon.colcon_core.task.python.build:Available setuptools commands: install_lib, bdist, saveopts, sdist, easy_install, upload_docs, rotate, bdist_egg, build_py, setopt, build_ext, compile_catalog, alias, build_clib, test, install, bdist_dumb, extract_messages, init_catalog, upload, clean, develop, bdist_wheel, install_egg_info, install_data, bdist_rpm, check, build_scripts, build, symlink_data, install_headers, update_catalog, install_scripts, egg_info, register, dist_info, editable_wheel
[3.346s] DEBUG:colcon.colcon_core.event_handler.log_command:Invoking command in '/home/robot/Project/robot_ws/src/robot_description': DEBUGINFOD_URLS=https://debuginfod.ubuntu.com PYTHONPATH=/home/robot/Project/robot_ws/src/build/robot_description/prefix_override:/usr/lib/python3/dist-packages/colcon_core/task/python/colcon_distutils_commands:/home/robot/Project/robot_ws/src/install/robot_description/lib/python3.12/site-packages:${PYTHONPATH} /usr/bin/python3 -W ignore:setup.py install is deprecated -W ignore:easy_install command is deprecated setup.py egg_info --egg-base ../build/robot_description build --build-base /home/robot/Project/robot_ws/src/build/robot_description/build install --record /home/robot/Project/robot_ws/src/build/robot_description/install.log --install-scripts $base/lib/robot_description --single-version-externally-managed install_data
[4.480s] DEBUG:colcon.colcon_core.event_handler.log_command:Invoked command in '/home/robot/Project/robot_ws/src/delivery_mission' returned '0': DEBUGINFOD_URLS=https://debuginfod.ubuntu.com PYTHONPATH=/home/robot/Project/robot_ws/src/build/delivery_mission/prefix_override:/usr/lib/python3/dist-packages/colcon_core/task/python/colcon_distutils_commands:/home/robot/Project/robot_ws/src/install/delivery_mission/lib/python3.12/site-packages:${PYTHONPATH} /usr/bin/python3 -W ignore:setup.py install is deprecated -W ignore:easy_install command is deprecated setup.py egg_info --egg-base ../build/delivery_mission build --build-base /home/robot/Project/robot_ws/src/build/delivery_mission/build install --record /home/robot/Project/robot_ws/src/build/delivery_mission/install.log --install-scripts $base/lib/delivery_mission --single-version-externally-managed install_data
[4.493s] Level 1:colcon.colcon_core.environment:checking '/home/robot/Project/robot_ws/src/install/delivery_mission' for CMake module files
[4.494s] Level 1:colcon.colcon_core.environment:checking '/home/robot/Project/robot_ws/src/install/delivery_mission' for CMake config files
[4.495s] Level 1:colcon.colcon_core.environment:checking '/home/robot/Project/robot_ws/src/install/delivery_mission/lib'
[4.501s] Level 1:colcon.colcon_core.environment:checking '/home/robot/Project/robot_ws/src/install/delivery_mission/bin'
[4.502s] Level 1:colcon.colcon_core.environment:checking '/home/robot/Project/robot_ws/src/install/delivery_mission/lib/pkgconfig/delivery_mission.pc'
[4.503s] Level 1:colcon.colcon_core.environment:checking '/home/robot/Project/robot_ws/src/install/delivery_mission/lib/python3.12/site-packages'
[4.506s] Level 1:colcon.colcon_core.shell:create_environment_hook('delivery_mission', 'pythonpath')
[4.509s] INFO:colcon.colcon_core.shell:Creating environment hook '/home/robot/Project/robot_ws/src/install/delivery_mission/share/delivery_mission/hook/pythonpath.ps1'
[4.518s] INFO:colcon.colcon_core.shell:Creating environment descriptor '/home/robot/Project/robot_ws/src/install/delivery_mission/share/delivery_mission/hook/pythonpath.dsv'
[4.524s] INFO:colcon.colcon_core.shell:Creating environment hook '/home/robot/Project/robot_ws/src/install/delivery_mission/share/delivery_mission/hook/pythonpath.sh'
[4.529s] Level 1:colcon.colcon_core.environment:checking '/home/robot/Project/robot_ws/src/install/delivery_mission/bin'
[4.534s] Level 1:colcon.colcon_core.environment:create_environment_scripts_only(delivery_mission)
[4.535s] INFO:colcon.colcon_core.shell:Creating package script '/home/robot/Project/robot_ws/src/install/delivery_mission/share/delivery_mission/package.ps1'
[4.542s] INFO:colcon.colcon_core.shell:Creating package descriptor '/home/robot/Project/robot_ws/src/install/delivery_mission/share/delivery_mission/package.dsv'
[4.547s] INFO:colcon.colcon_core.shell:Creating package script '/home/robot/Project/robot_ws/src/install/delivery_mission/share/delivery_mission/package.sh'
[4.550s] INFO:colcon.colcon_core.shell:Creating package script '/home/robot/Project/robot_ws/src/install/delivery_mission/share/delivery_mission/package.bash'
[4.559s] INFO:colcon.colcon_core.shell:Creating package script '/home/robot/Project/robot_ws/src/install/delivery_mission/share/delivery_mission/package.zsh'
[4.568s] Level 1:colcon.colcon_core.environment:create_file_with_runtime_dependencies(/home/robot/Project/robot_ws/src/install/delivery_mission/share/colcon-core/packages/delivery_mission)
[4.573s] INFO:colcon.colcon_ros.task.ament_python.build:Building ROS package in '/home/robot/Project/robot_ws/src/robot_navigation' with build type 'ament_python'
[4.574s] Level 1:colcon.colcon_core.shell:create_environment_hook('robot_navigation', 'ament_prefix_path')
[4.575s] INFO:colcon.colcon_core.shell:Creating environment hook '/home/robot/Project/robot_ws/src/install/robot_navigation/share/robot_navigation/hook/ament_prefix_path.ps1'
[4.576s] INFO:colcon.colcon_core.shell:Creating environment descriptor '/home/robot/Project/robot_ws/src/install/robot_navigation/share/robot_navigation/hook/ament_prefix_path.dsv'
[4.577s] INFO:colcon.colcon_core.shell:Creating environment hook '/home/robot/Project/robot_ws/src/install/robot_navigation/share/robot_navigation/hook/ament_prefix_path.sh'
[4.581s] INFO:colcon.colcon_core.shell:Skip shell extension 'powershell' for command environment: Not usable outside of PowerShell
[4.581s] DEBUG:colcon.colcon_core.shell:Skip shell extension 'dsv' for command environment
[4.597s] Level 1:colcon.colcon_core.environment:checking '/home/robot/Project/robot_ws/src/install/robot_bringup' for CMake module files
[4.603s] Level 1:colcon.colcon_core.environment:checking '/home/robot/Project/robot_ws/src/install/robot_bringup' for CMake config files
[4.606s] Level 1:colcon.colcon_core.environment:checking '/home/robot/Project/robot_ws/src/install/robot_bringup/lib'
[4.607s] Level 1:colcon.colcon_core.environment:checking '/home/robot/Project/robot_ws/src/install/robot_bringup/bin'
[4.607s] Level 1:colcon.colcon_core.environment:checking '/home/robot/Project/robot_ws/src/install/robot_bringup/lib/pkgconfig/robot_bringup.pc'
[4.608s] Level 1:colcon.colcon_core.environment:checking '/home/robot/Project/robot_ws/src/install/robot_bringup/lib/python3.12/site-packages'
[4.609s] Level 1:colcon.colcon_core.shell:create_environment_hook('robot_bringup', 'pythonpath')
[4.609s] INFO:colcon.colcon_core.shell:Creating environment hook '/home/robot/Project/robot_ws/src/install/robot_bringup/share/robot_bringup/hook/pythonpath.ps1'
[4.611s] DEBUG:colcon.colcon_core.event_handler.log_command:Invoked command in '/home/robot/Project/robot_ws/src/robot_bringup' returned '0': DEBUGINFOD_URLS=https://debuginfod.ubuntu.com PYTHONPATH=/home/robot/Project/robot_ws/src/build/robot_bringup/prefix_override:/usr/lib/python3/dist-packages/colcon_core/task/python/colcon_distutils_commands:/home/robot/Project/robot_ws/src/install/robot_bringup/lib/python3.12/site-packages:${PYTHONPATH} /usr/bin/python3 -W ignore:setup.py install is deprecated -W ignore:easy_install command is deprecated setup.py egg_info --egg-base ../build/robot_bringup build --build-base /home/robot/Project/robot_ws/src/build/robot_bringup/build install --record /home/robot/Project/robot_ws/src/build/robot_bringup/install.log --install-scripts $base/lib/robot_bringup --single-version-externally-managed install_data
[4.611s] INFO:colcon.colcon_core.shell:Creating environment descriptor '/home/robot/Project/robot_ws/src/install/robot_bringup/share/robot_bringup/hook/pythonpath.dsv'
[4.612s] INFO:colcon.colcon_core.shell:Creating environment hook '/home/robot/Project/robot_ws/src/install/robot_bringup/share/robot_bringup/hook/pythonpath.sh'
[4.615s] Level 1:colcon.colcon_core.environment:checking '/home/robot/Project/robot_ws/src/install/robot_bringup/bin'
[4.615s] Level 1:colcon.colcon_core.environment:create_environment_scripts_only(robot_bringup)
[4.616s] INFO:colcon.colcon_core.shell:Creating package script '/home/robot/Project/robot_ws/src/install/robot_bringup/share/robot_bringup/package.ps1'
[4.617s] INFO:colcon.colcon_core.shell:Creating package descriptor '/home/robot/Project/robot_ws/src/install/robot_bringup/share/robot_bringup/package.dsv'
[4.618s] INFO:colcon.colcon_core.shell:Creating package script '/home/robot/Project/robot_ws/src/install/robot_bringup/share/robot_bringup/package.sh'
[4.620s] INFO:colcon.colcon_core.shell:Creating package script '/home/robot/Project/robot_ws/src/install/robot_bringup/share/robot_bringup/package.bash'
[4.620s] INFO:colcon.colcon_core.shell:Creating package script '/home/robot/Project/robot_ws/src/install/robot_bringup/share/robot_bringup/package.zsh'
[4.623s] Level 1:colcon.colcon_core.environment:create_file_with_runtime_dependencies(/home/robot/Project/robot_ws/src/install/robot_bringup/share/colcon-core/packages/robot_bringup)
[4.626s] INFO:colcon.colcon_ros.task.ament_python.build:Building ROS package in '/home/robot/Project/robot_ws/src/robot_odometry' with build type 'ament_python'
[4.626s] Level 1:colcon.colcon_core.shell:create_environment_hook('robot_odometry', 'ament_prefix_path')
[4.627s] INFO:colcon.colcon_core.shell:Creating environment hook '/home/robot/Project/robot_ws/src/install/robot_odometry/share/robot_odometry/hook/ament_prefix_path.ps1'
[4.628s] INFO:colcon.colcon_core.shell:Creating environment descriptor '/home/robot/Project/robot_ws/src/install/robot_odometry/share/robot_odometry/hook/ament_prefix_path.dsv'
[4.632s] INFO:colcon.colcon_core.shell:Creating environment hook '/home/robot/Project/robot_ws/src/install/robot_odometry/share/robot_odometry/hook/ament_prefix_path.sh'
[4.639s] INFO:colcon.colcon_core.shell:Skip shell extension 'powershell' for command environment: Not usable outside of PowerShell
[4.644s] DEBUG:colcon.colcon_core.shell:Skip shell extension 'dsv' for command environment
[4.663s] Level 1:colcon.colcon_core.environment:checking '/home/robot/Project/robot_ws/src/install/robot_calibrate' for CMake module files
[4.664s] Level 1:colcon.colcon_core.environment:checking '/home/robot/Project/robot_ws/src/install/robot_calibrate' for CMake config files
[4.666s] DEBUG:colcon.colcon_core.event_handler.log_command:Invoked command in '/home/robot/Project/robot_ws/src/robot_calibrate' returned '0': DEBUGINFOD_URLS=https://debuginfod.ubuntu.com PYTHONPATH=/home/robot/Project/robot_ws/src/build/robot_calibrate/prefix_override:/usr/lib/python3/dist-packages/colcon_core/task/python/colcon_distutils_commands:/home/robot/Project/robot_ws/src/install/robot_calibrate/lib/python3.12/site-packages:${PYTHONPATH} /usr/bin/python3 -W ignore:setup.py install is deprecated -W ignore:easy_install command is deprecated setup.py egg_info --egg-base ../build/robot_calibrate build --build-base /home/robot/Project/robot_ws/src/build/robot_calibrate/build install --record /home/robot/Project/robot_ws/src/build/robot_calibrate/install.log --install-scripts $base/lib/robot_calibrate --single-version-externally-managed install_data
[4.667s] Level 1:colcon.colcon_core.environment:checking '/home/robot/Project/robot_ws/src/install/robot_calibrate/lib'
[4.671s] Level 1:colcon.colcon_core.environment:checking '/home/robot/Project/robot_ws/src/install/robot_calibrate/bin'
[4.671s] Level 1:colcon.colcon_core.environment:checking '/home/robot/Project/robot_ws/src/install/robot_calibrate/lib/pkgconfig/robot_calibrate.pc'
[4.672s] Level 1:colcon.colcon_core.environment:checking '/home/robot/Project/robot_ws/src/install/robot_calibrate/lib/python3.12/site-packages'
[4.672s] Level 1:colcon.colcon_core.shell:create_environment_hook('robot_calibrate', 'pythonpath')
[4.672s] INFO:colcon.colcon_core.shell:Creating environment hook '/home/robot/Project/robot_ws/src/install/robot_calibrate/share/robot_calibrate/hook/pythonpath.ps1'
[4.673s] INFO:colcon.colcon_core.shell:Creating environment descriptor '/home/robot/Project/robot_ws/src/install/robot_calibrate/share/robot_calibrate/hook/pythonpath.dsv'
[4.674s] INFO:colcon.colcon_core.shell:Creating environment hook '/home/robot/Project/robot_ws/src/install/robot_calibrate/share/robot_calibrate/hook/pythonpath.sh'
[4.675s] Level 1:colcon.colcon_core.environment:checking '/home/robot/Project/robot_ws/src/install/robot_calibrate/bin'
[4.679s] Level 1:colcon.colcon_core.environment:create_environment_scripts_only(robot_calibrate)
[4.680s] INFO:colcon.colcon_core.shell:Creating package script '/home/robot/Project/robot_ws/src/install/robot_calibrate/share/robot_calibrate/package.ps1'
[4.681s] INFO:colcon.colcon_core.shell:Creating package descriptor '/home/robot/Project/robot_ws/src/install/robot_calibrate/share/robot_calibrate/package.dsv'
[4.684s] INFO:colcon.colcon_core.shell:Creating package script '/home/robot/Project/robot_ws/src/install/robot_calibrate/share/robot_calibrate/package.sh'
[4.685s] INFO:colcon.colcon_core.shell:Creating package script '/home/robot/Project/robot_ws/src/install/robot_calibrate/share/robot_calibrate/package.bash'
[4.686s] INFO:colcon.colcon_core.shell:Creating package script '/home/robot/Project/robot_ws/src/install/robot_calibrate/share/robot_calibrate/package.zsh'
[4.691s] Level 1:colcon.colcon_core.environment:create_file_with_runtime_dependencies(/home/robot/Project/robot_ws/src/install/robot_calibrate/share/colcon-core/packages/robot_calibrate)
[4.694s] INFO:colcon.colcon_ros.task.ament_python.build:Building ROS package in '/home/robot/Project/robot_ws/src/robot_serial' with build type 'ament_python'
[4.695s] Level 1:colcon.colcon_core.shell:create_environment_hook('robot_serial', 'ament_prefix_path')
[4.697s] INFO:colcon.colcon_core.shell:Creating environment hook '/home/robot/Project/robot_ws/src/install/robot_serial/share/robot_serial/hook/ament_prefix_path.ps1'
[4.710s] INFO:colcon.colcon_core.shell:Creating environment descriptor '/home/robot/Project/robot_ws/src/install/robot_serial/share/robot_serial/hook/ament_prefix_path.dsv'
[4.716s] INFO:colcon.colcon_core.shell:Creating environment hook '/home/robot/Project/robot_ws/src/install/robot_serial/share/robot_serial/hook/ament_prefix_path.sh'
[4.720s] INFO:colcon.colcon_core.shell:Skip shell extension 'powershell' for command environment: Not usable outside of PowerShell
[4.720s] DEBUG:colcon.colcon_core.shell:Skip shell extension 'dsv' for command environment
[5.280s] INFO:colcon.colcon_core.task.python.build:Building Python package in '/home/robot/Project/robot_ws/src/robot_navigation'
[5.280s] INFO:colcon.colcon_core.shell:Skip shell extension 'powershell' for command environment: Not usable outside of PowerShell
[5.281s] DEBUG:colcon.colcon_core.shell:Skip shell extension 'dsv' for command environment
[5.863s] INFO:colcon.colcon_core.task.python.build:Building Python package in '/home/robot/Project/robot_ws/src/robot_odometry'
[5.863s] INFO:colcon.colcon_core.shell:Skip shell extension 'powershell' for command environment: Not usable outside of PowerShell
[5.864s] DEBUG:colcon.colcon_core.shell:Skip shell extension 'dsv' for command environment
[5.875s] Level 1:colcon.colcon_core.environment:checking '/home/robot/Project/robot_ws/src/install/robot_description' for CMake module files
[5.876s] Level 1:colcon.colcon_core.environment:checking '/home/robot/Project/robot_ws/src/install/robot_description' for CMake config files
[5.881s] DEBUG:colcon.colcon_core.event_handler.log_command:Invoked command in '/home/robot/Project/robot_ws/src/robot_description' returned '0': DEBUGINFOD_URLS=https://debuginfod.ubuntu.com PYTHONPATH=/home/robot/Project/robot_ws/src/build/robot_description/prefix_override:/usr/lib/python3/dist-packages/colcon_core/task/python/colcon_distutils_commands:/home/robot/Project/robot_ws/src/install/robot_description/lib/python3.12/site-packages:${PYTHONPATH} /usr/bin/python3 -W ignore:setup.py install is deprecated -W ignore:easy_install command is deprecated setup.py egg_info --egg-base ../build/robot_description build --build-base /home/robot/Project/robot_ws/src/build/robot_description/build install --record /home/robot/Project/robot_ws/src/build/robot_description/install.log --install-scripts $base/lib/robot_description --single-version-externally-managed install_data
[5.881s] Level 1:colcon.colcon_core.environment:checking '/home/robot/Project/robot_ws/src/install/robot_description/lib'
[5.882s] Level 1:colcon.colcon_core.environment:checking '/home/robot/Project/robot_ws/src/install/robot_description/bin'
[5.882s] Level 1:colcon.colcon_core.environment:checking '/home/robot/Project/robot_ws/src/install/robot_description/lib/pkgconfig/robot_description.pc'
[5.882s] Level 1:colcon.colcon_core.environment:checking '/home/robot/Project/robot_ws/src/install/robot_description/lib/python3.12/site-packages'
[5.883s] Level 1:colcon.colcon_core.shell:create_environment_hook('robot_description', 'pythonpath')
[5.884s] INFO:colcon.colcon_core.shell:Creating environment hook '/home/robot/Project/robot_ws/src/install/robot_description/share/robot_description/hook/pythonpath.ps1'
[5.885s] INFO:colcon.colcon_core.shell:Creating environment descriptor '/home/robot/Project/robot_ws/src/install/robot_description/share/robot_description/hook/pythonpath.dsv'
[5.887s] INFO:colcon.colcon_core.shell:Creating environment hook '/home/robot/Project/robot_ws/src/install/robot_description/share/robot_description/hook/pythonpath.sh'
[5.889s] Level 1:colcon.colcon_core.environment:checking '/home/robot/Project/robot_ws/src/install/robot_description/bin'
[5.889s] Level 1:colcon.colcon_core.environment:create_environment_scripts_only(robot_description)
[5.890s] INFO:colcon.colcon_core.shell:Creating package script '/home/robot/Project/robot_ws/src/install/robot_description/share/robot_description/package.ps1'
[5.892s] INFO:colcon.colcon_core.shell:Creating package descriptor '/home/robot/Project/robot_ws/src/install/robot_description/share/robot_description/package.dsv'
[5.893s] INFO:colcon.colcon_core.shell:Creating package script '/home/robot/Project/robot_ws/src/install/robot_description/share/robot_description/package.sh'
[5.894s] INFO:colcon.colcon_core.shell:Creating package script '/home/robot/Project/robot_ws/src/install/robot_description/share/robot_description/package.bash'
[5.895s] INFO:colcon.colcon_core.shell:Creating package script '/home/robot/Project/robot_ws/src/install/robot_description/share/robot_description/package.zsh'
[5.895s] Level 1:colcon.colcon_core.environment:create_file_with_runtime_dependencies(/home/robot/Project/robot_ws/src/install/robot_description/share/colcon-core/packages/robot_description)
[5.901s] INFO:colcon.colcon_ros.task.ament_python.build:Building ROS package in '/home/robot/Project/robot_ws/src/safety_node' with build type 'ament_python'
[5.901s] Level 1:colcon.colcon_core.shell:create_environment_hook('safety_node', 'ament_prefix_path')
[5.902s] INFO:colcon.colcon_core.shell:Creating environment hook '/home/robot/Project/robot_ws/src/install/safety_node/share/safety_node/hook/ament_prefix_path.ps1'
[5.903s] INFO:colcon.colcon_core.shell:Creating environment descriptor '/home/robot/Project/robot_ws/src/install/safety_node/share/safety_node/hook/ament_prefix_path.dsv'
[5.906s] INFO:colcon.colcon_core.shell:Creating environment hook '/home/robot/Project/robot_ws/src/install/safety_node/share/safety_node/hook/ament_prefix_path.sh'
[5.909s] INFO:colcon.colcon_core.shell:Skip shell extension 'powershell' for command environment: Not usable outside of PowerShell
[5.913s] DEBUG:colcon.colcon_core.shell:Skip shell extension 'dsv' for command environment
[6.481s] INFO:colcon.colcon_core.task.python.build:Building Python package in '/home/robot/Project/robot_ws/src/robot_serial'
[6.482s] INFO:colcon.colcon_core.shell:Skip shell extension 'powershell' for command environment: Not usable outside of PowerShell
[6.482s] DEBUG:colcon.colcon_core.shell:Skip shell extension 'dsv' for command environment
[7.114s] INFO:colcon.colcon_core.task.python.build:Building Python package in '/home/robot/Project/robot_ws/src/safety_node'
[7.115s] INFO:colcon.colcon_core.shell:Skip shell extension 'powershell' for command environment: Not usable outside of PowerShell
[7.115s] DEBUG:colcon.colcon_core.shell:Skip shell extension 'dsv' for command environment
[7.933s] DEBUG:colcon.colcon_core.task.python.build:Available setuptools commands: install_lib, bdist, saveopts, sdist, easy_install, upload_docs, rotate, bdist_egg, build_py, setopt, build_ext, compile_catalog, alias, build_clib, test, install, bdist_dumb, extract_messages, init_catalog, upload, clean, develop, bdist_wheel, install_egg_info, install_data, bdist_rpm, check, build_scripts, build, symlink_data, install_headers, update_catalog, install_scripts, egg_info, register, dist_info, editable_wheel
[7.937s] DEBUG:colcon.colcon_core.event_handler.log_command:Invoking command in '/home/robot/Project/robot_ws/src/robot_odometry': DEBUGINFOD_URLS=https://debuginfod.ubuntu.com PYTHONPATH=/home/robot/Project/robot_ws/src/build/robot_odometry/prefix_override:/usr/lib/python3/dist-packages/colcon_core/task/python/colcon_distutils_commands:/home/robot/Project/robot_ws/src/install/robot_odometry/lib/python3.12/site-packages:${PYTHONPATH} /usr/bin/python3 -W ignore:setup.py install is deprecated -W ignore:easy_install command is deprecated setup.py egg_info --egg-base ../build/robot_odometry build --build-base /home/robot/Project/robot_ws/src/build/robot_odometry/build install --record /home/robot/Project/robot_ws/src/build/robot_odometry/install.log --install-scripts $base/lib/robot_odometry --single-version-externally-managed install_data
[8.064s] DEBUG:colcon.colcon_core.task.python.build:Available setuptools commands: install_lib, bdist, saveopts, sdist, easy_install, upload_docs, rotate, bdist_egg, build_py, setopt, build_ext, compile_catalog, alias, build_clib, test, install, bdist_dumb, extract_messages, init_catalog, upload, clean, develop, bdist_wheel, install_egg_info, install_data, bdist_rpm, check, build_scripts, build, symlink_data, install_headers, update_catalog, install_scripts, egg_info, register, dist_info, editable_wheel
[8.066s] DEBUG:colcon.colcon_core.event_handler.log_command:Invoking command in '/home/robot/Project/robot_ws/src/robot_navigation': DEBUGINFOD_URLS=https://debuginfod.ubuntu.com PYTHONPATH=/home/robot/Project/robot_ws/src/build/robot_navigation/prefix_override:/usr/lib/python3/dist-packages/colcon_core/task/python/colcon_distutils_commands:/home/robot/Project/robot_ws/src/install/robot_navigation/lib/python3.12/site-packages:${PYTHONPATH} /usr/bin/python3 -W ignore:setup.py install is deprecated -W ignore:easy_install command is deprecated setup.py egg_info --egg-base ../build/robot_navigation build --build-base /home/robot/Project/robot_ws/src/build/robot_navigation/build install --record /home/robot/Project/robot_ws/src/build/robot_navigation/install.log --install-scripts $base/lib/robot_navigation --single-version-externally-managed install_data
[8.394s] DEBUG:colcon.colcon_core.task.python.build:Available setuptools commands: install_lib, bdist, saveopts, sdist, easy_install, upload_docs, rotate, bdist_egg, build_py, setopt, build_ext, compile_catalog, alias, build_clib, test, install, bdist_dumb, extract_messages, init_catalog, upload, clean, develop, bdist_wheel, install_egg_info, install_data, bdist_rpm, check, build_scripts, build, symlink_data, install_headers, update_catalog, install_scripts, egg_info, register, dist_info, editable_wheel
[8.399s] DEBUG:colcon.colcon_core.event_handler.log_command:Invoking command in '/home/robot/Project/robot_ws/src/safety_node': DEBUGINFOD_URLS=https://debuginfod.ubuntu.com PYTHONPATH=/home/robot/Project/robot_ws/src/build/safety_node/prefix_override:/usr/lib/python3/dist-packages/colcon_core/task/python/colcon_distutils_commands:/home/robot/Project/robot_ws/src/install/safety_node/lib/python3.12/site-packages:${PYTHONPATH} /usr/bin/python3 -W ignore:setup.py install is deprecated -W ignore:easy_install command is deprecated setup.py egg_info --egg-base ../build/safety_node build --build-base /home/robot/Project/robot_ws/src/build/safety_node/build install --record /home/robot/Project/robot_ws/src/build/safety_node/install.log --install-scripts $base/lib/safety_node --single-version-externally-managed install_data
[8.426s] DEBUG:colcon.colcon_core.task.python.build:Available setuptools commands: install_lib, bdist, saveopts, sdist, easy_install, upload_docs, rotate, bdist_egg, build_py, setopt, build_ext, compile_catalog, alias, build_clib, test, install, bdist_dumb, extract_messages, init_catalog, upload, clean, develop, bdist_wheel, install_egg_info, install_data, bdist_rpm, check, build_scripts, build, symlink_data, install_headers, update_catalog, install_scripts, egg_info, register, dist_info, editable_wheel
[8.429s] DEBUG:colcon.colcon_core.event_handler.log_command:Invoking command in '/home/robot/Project/robot_ws/src/robot_serial': DEBUGINFOD_URLS=https://debuginfod.ubuntu.com PYTHONPATH=/home/robot/Project/robot_ws/src/build/robot_serial/prefix_override:/usr/lib/python3/dist-packages/colcon_core/task/python/colcon_distutils_commands:/home/robot/Project/robot_ws/src/install/robot_serial/lib/python3.12/site-packages:${PYTHONPATH} /usr/bin/python3 -W ignore:setup.py install is deprecated -W ignore:easy_install command is deprecated setup.py egg_info --egg-base ../build/robot_serial build --build-base /home/robot/Project/robot_ws/src/build/robot_serial/build install --record /home/robot/Project/robot_ws/src/build/robot_serial/install.log --install-scripts $base/lib/robot_serial --single-version-externally-managed install_data
[9.172s] Level 1:colcon.colcon_core.environment:checking '/home/robot/Project/robot_ws/src/install/robot_odometry' for CMake module files
[9.172s] Level 1:colcon.colcon_core.environment:checking '/home/robot/Project/robot_ws/src/install/robot_odometry' for CMake config files
[9.173s] Level 1:colcon.colcon_core.environment:checking '/home/robot/Project/robot_ws/src/install/robot_odometry/lib'
[9.173s] Level 1:colcon.colcon_core.environment:checking '/home/robot/Project/robot_ws/src/install/robot_odometry/bin'
[9.173s] Level 1:colcon.colcon_core.environment:checking '/home/robot/Project/robot_ws/src/install/robot_odometry/lib/pkgconfig/robot_odometry.pc'
[9.174s] Level 1:colcon.colcon_core.environment:checking '/home/robot/Project/robot_ws/src/install/robot_odometry/lib/python3.12/site-packages'
[9.176s] Level 1:colcon.colcon_core.shell:create_environment_hook('robot_odometry', 'pythonpath')
[9.177s] DEBUG:colcon.colcon_core.event_handler.log_command:Invoked command in '/home/robot/Project/robot_ws/src/robot_odometry' returned '0': DEBUGINFOD_URLS=https://debuginfod.ubuntu.com PYTHONPATH=/home/robot/Project/robot_ws/src/build/robot_odometry/prefix_override:/usr/lib/python3/dist-packages/colcon_core/task/python/colcon_distutils_commands:/home/robot/Project/robot_ws/src/install/robot_odometry/lib/python3.12/site-packages:${PYTHONPATH} /usr/bin/python3 -W ignore:setup.py install is deprecated -W ignore:easy_install command is deprecated setup.py egg_info --egg-base ../build/robot_odometry build --build-base /home/robot/Project/robot_ws/src/build/robot_odometry/build install --record /home/robot/Project/robot_ws/src/build/robot_odometry/install.log --install-scripts $base/lib/robot_odometry --single-version-externally-managed install_data
[9.177s] INFO:colcon.colcon_core.shell:Creating environment hook '/home/robot/Project/robot_ws/src/install/robot_odometry/share/robot_odometry/hook/pythonpath.ps1'
[9.178s] INFO:colcon.colcon_core.shell:Creating environment descriptor '/home/robot/Project/robot_ws/src/install/robot_odometry/share/robot_odometry/hook/pythonpath.dsv'
[9.179s] INFO:colcon.colcon_core.shell:Creating environment hook '/home/robot/Project/robot_ws/src/install/robot_odometry/share/robot_odometry/hook/pythonpath.sh'
[9.183s] Level 1:colcon.colcon_core.environment:checking '/home/robot/Project/robot_ws/src/install/robot_odometry/bin'
[9.184s] Level 1:colcon.colcon_core.environment:create_environment_scripts_only(robot_odometry)
[9.184s] INFO:colcon.colcon_core.shell:Creating package script '/home/robot/Project/robot_ws/src/install/robot_odometry/share/robot_odometry/package.ps1'
[9.186s] INFO:colcon.colcon_core.shell:Creating package descriptor '/home/robot/Project/robot_ws/src/install/robot_odometry/share/robot_odometry/package.dsv'
[9.187s] INFO:colcon.colcon_core.shell:Creating package script '/home/robot/Project/robot_ws/src/install/robot_odometry/share/robot_odometry/package.sh'
[9.221s] INFO:colcon.colcon_core.shell:Creating package script '/home/robot/Project/robot_ws/src/install/robot_odometry/share/robot_odometry/package.bash'
[9.222s] INFO:colcon.colcon_core.shell:Creating package script '/home/robot/Project/robot_ws/src/install/robot_odometry/share/robot_odometry/package.zsh'
[9.222s] Level 1:colcon.colcon_core.environment:create_file_with_runtime_dependencies(/home/robot/Project/robot_ws/src/install/robot_odometry/share/colcon-core/packages/robot_odometry)
[9.226s] INFO:colcon.colcon_ros.task.ament_python.build:Building ROS package in '/home/robot/Project/robot_ws/src/teleop_key' with build type 'ament_python'
[9.227s] Level 1:colcon.colcon_core.shell:create_environment_hook('teleop_key', 'ament_prefix_path')
[9.227s] INFO:colcon.colcon_core.shell:Creating environment hook '/home/robot/Project/robot_ws/src/install/teleop_key/share/teleop_key/hook/ament_prefix_path.ps1'
[9.228s] INFO:colcon.colcon_core.shell:Creating environment descriptor '/home/robot/Project/robot_ws/src/install/teleop_key/share/teleop_key/hook/ament_prefix_path.dsv'
[9.229s] INFO:colcon.colcon_core.shell:Creating environment hook '/home/robot/Project/robot_ws/src/install/teleop_key/share/teleop_key/hook/ament_prefix_path.sh'
[9.230s] INFO:colcon.colcon_core.shell:Skip shell extension 'powershell' for command environment: Not usable outside of PowerShell
[9.233s] DEBUG:colcon.colcon_core.shell:Skip shell extension 'dsv' for command environment
[9.881s] INFO:colcon.colcon_core.task.python.build:Building Python package in '/home/robot/Project/robot_ws/src/teleop_key'
[9.882s] INFO:colcon.colcon_core.shell:Skip shell extension 'powershell' for command environment: Not usable outside of PowerShell
[9.882s] DEBUG:colcon.colcon_core.shell:Skip shell extension 'dsv' for command environment
[9.897s] Level 1:colcon.colcon_core.environment:checking '/home/robot/Project/robot_ws/src/install/safety_node' for CMake module files
[9.900s] Level 1:colcon.colcon_core.environment:checking '/home/robot/Project/robot_ws/src/install/safety_node' for CMake config files
[9.903s] DEBUG:colcon.colcon_core.event_handler.log_command:Invoked command in '/home/robot/Project/robot_ws/src/safety_node' returned '0': DEBUGINFOD_URLS=https://debuginfod.ubuntu.com PYTHONPATH=/home/robot/Project/robot_ws/src/build/safety_node/prefix_override:/usr/lib/python3/dist-packages/colcon_core/task/python/colcon_distutils_commands:/home/robot/Project/robot_ws/src/install/safety_node/lib/python3.12/site-packages:${PYTHONPATH} /usr/bin/python3 -W ignore:setup.py install is deprecated -W ignore:easy_install command is deprecated setup.py egg_info --egg-base ../build/safety_node build --build-base /home/robot/Project/robot_ws/src/build/safety_node/build install --record /home/robot/Project/robot_ws/src/build/safety_node/install.log --install-scripts $base/lib/safety_node --single-version-externally-managed install_data
[9.906s] Level 1:colcon.colcon_core.environment:checking '/home/robot/Project/robot_ws/src/install/safety_node/lib'
[9.908s] Level 1:colcon.colcon_core.environment:checking '/home/robot/Project/robot_ws/src/install/safety_node/bin'
[9.908s] Level 1:colcon.colcon_core.environment:checking '/home/robot/Project/robot_ws/src/install/safety_node/lib/pkgconfig/safety_node.pc'
[9.910s] Level 1:colcon.colcon_core.environment:checking '/home/robot/Project/robot_ws/src/install/safety_node/lib/python3.12/site-packages'
[9.911s] Level 1:colcon.colcon_core.shell:create_environment_hook('safety_node', 'pythonpath')
[9.911s] INFO:colcon.colcon_core.shell:Creating environment hook '/home/robot/Project/robot_ws/src/install/safety_node/share/safety_node/hook/pythonpath.ps1'
[9.911s] INFO:colcon.colcon_core.shell:Creating environment descriptor '/home/robot/Project/robot_ws/src/install/safety_node/share/safety_node/hook/pythonpath.dsv'
[9.912s] INFO:colcon.colcon_core.shell:Creating environment hook '/home/robot/Project/robot_ws/src/install/safety_node/share/safety_node/hook/pythonpath.sh'
[9.913s] Level 1:colcon.colcon_core.environment:checking '/home/robot/Project/robot_ws/src/install/safety_node/bin'
[9.913s] Level 1:colcon.colcon_core.environment:create_environment_scripts_only(safety_node)
[9.914s] INFO:colcon.colcon_core.shell:Creating package script '/home/robot/Project/robot_ws/src/install/safety_node/share/safety_node/package.ps1'
[9.916s] INFO:colcon.colcon_core.shell:Creating package descriptor '/home/robot/Project/robot_ws/src/install/safety_node/share/safety_node/package.dsv'
[9.918s] INFO:colcon.colcon_core.shell:Creating package script '/home/robot/Project/robot_ws/src/install/safety_node/share/safety_node/package.sh'
[9.919s] INFO:colcon.colcon_core.shell:Creating package script '/home/robot/Project/robot_ws/src/install/safety_node/share/safety_node/package.bash'
[9.920s] INFO:colcon.colcon_core.shell:Creating package script '/home/robot/Project/robot_ws/src/install/safety_node/share/safety_node/package.zsh'
[9.923s] Level 1:colcon.colcon_core.environment:create_file_with_runtime_dependencies(/home/robot/Project/robot_ws/src/install/safety_node/share/colcon-core/packages/safety_node)
[9.924s] Level 1:colcon.colcon_core.environment:checking '/home/robot/Project/robot_ws/src/install/robot_navigation' for CMake module files
[9.925s] Level 1:colcon.colcon_core.environment:checking '/home/robot/Project/robot_ws/src/install/robot_navigation' for CMake config files
[9.928s] DEBUG:colcon.colcon_core.event_handler.log_command:Invoked command in '/home/robot/Project/robot_ws/src/robot_navigation' returned '0': DEBUGINFOD_URLS=https://debuginfod.ubuntu.com PYTHONPATH=/home/robot/Project/robot_ws/src/build/robot_navigation/prefix_override:/usr/lib/python3/dist-packages/colcon_core/task/python/colcon_distutils_commands:/home/robot/Project/robot_ws/src/install/robot_navigation/lib/python3.12/site-packages:${PYTHONPATH} /usr/bin/python3 -W ignore:setup.py install is deprecated -W ignore:easy_install command is deprecated setup.py egg_info --egg-base ../build/robot_navigation build --build-base /home/robot/Project/robot_ws/src/build/robot_navigation/build install --record /home/robot/Project/robot_ws/src/build/robot_navigation/install.log --install-scripts $base/lib/robot_navigation --single-version-externally-managed install_data
[9.930s] Level 1:colcon.colcon_core.environment:checking '/home/robot/Project/robot_ws/src/install/robot_navigation/lib'
[9.930s] Level 1:colcon.colcon_core.environment:checking '/home/robot/Project/robot_ws/src/install/robot_navigation/bin'
[9.930s] Level 1:colcon.colcon_core.environment:checking '/home/robot/Project/robot_ws/src/install/robot_navigation/lib/pkgconfig/robot_navigation.pc'
[9.930s] Level 1:colcon.colcon_core.environment:checking '/home/robot/Project/robot_ws/src/install/robot_navigation/lib/python3.12/site-packages'
[9.930s] Level 1:colcon.colcon_core.shell:create_environment_hook('robot_navigation', 'pythonpath')
[9.931s] INFO:colcon.colcon_core.shell:Creating environment hook '/home/robot/Project/robot_ws/src/install/robot_navigation/share/robot_navigation/hook/pythonpath.ps1'
[9.935s] INFO:colcon.colcon_core.shell:Creating environment descriptor '/home/robot/Project/robot_ws/src/install/robot_navigation/share/robot_navigation/hook/pythonpath.dsv'
[9.935s] INFO:colcon.colcon_core.shell:Creating environment hook '/home/robot/Project/robot_ws/src/install/robot_navigation/share/robot_navigation/hook/pythonpath.sh'
[9.937s] Level 1:colcon.colcon_core.environment:checking '/home/robot/Project/robot_ws/src/install/robot_navigation/bin'
[9.937s] Level 1:colcon.colcon_core.environment:create_environment_scripts_only(robot_navigation)
[9.938s] INFO:colcon.colcon_core.shell:Creating package script '/home/robot/Project/robot_ws/src/install/robot_navigation/share/robot_navigation/package.ps1'
[9.939s] INFO:colcon.colcon_core.shell:Creating package descriptor '/home/robot/Project/robot_ws/src/install/robot_navigation/share/robot_navigation/package.dsv'
[9.940s] INFO:colcon.colcon_core.shell:Creating package script '/home/robot/Project/robot_ws/src/install/robot_navigation/share/robot_navigation/package.sh'
[9.946s] INFO:colcon.colcon_core.shell:Creating package script '/home/robot/Project/robot_ws/src/install/robot_navigation/share/robot_navigation/package.bash'
[9.947s] INFO:colcon.colcon_core.shell:Creating package script '/home/robot/Project/robot_ws/src/install/robot_navigation/share/robot_navigation/package.zsh'
[9.948s] Level 1:colcon.colcon_core.environment:create_file_with_runtime_dependencies(/home/robot/Project/robot_ws/src/install/robot_navigation/share/colcon-core/packages/robot_navigation)
[10.068s] Level 1:colcon.colcon_core.environment:checking '/home/robot/Project/robot_ws/src/install/robot_serial' for CMake module files
[10.069s] DEBUG:colcon.colcon_core.event_handler.log_command:Invoked command in '/home/robot/Project/robot_ws/src/robot_serial' returned '0': DEBUGINFOD_URLS=https://debuginfod.ubuntu.com PYTHONPATH=/home/robot/Project/robot_ws/src/build/robot_serial/prefix_override:/usr/lib/python3/dist-packages/colcon_core/task/python/colcon_distutils_commands:/home/robot/Project/robot_ws/src/install/robot_serial/lib/python3.12/site-packages:${PYTHONPATH} /usr/bin/python3 -W ignore:setup.py install is deprecated -W ignore:easy_install command is deprecated setup.py egg_info --egg-base ../build/robot_serial build --build-base /home/robot/Project/robot_ws/src/build/robot_serial/build install --record /home/robot/Project/robot_ws/src/build/robot_serial/install.log --install-scripts $base/lib/robot_serial --single-version-externally-managed install_data
[10.069s] Level 1:colcon.colcon_core.environment:checking '/home/robot/Project/robot_ws/src/install/robot_serial' for CMake config files
[10.070s] Level 1:colcon.colcon_core.environment:checking '/home/robot/Project/robot_ws/src/install/robot_serial/lib'
[10.071s] Level 1:colcon.colcon_core.environment:checking '/home/robot/Project/robot_ws/src/install/robot_serial/bin'
[10.071s] Level 1:colcon.colcon_core.environment:checking '/home/robot/Project/robot_ws/src/install/robot_serial/lib/pkgconfig/robot_serial.pc'
[10.071s] Level 1:colcon.colcon_core.environment:checking '/home/robot/Project/robot_ws/src/install/robot_serial/lib/python3.12/site-packages'
[10.071s] Level 1:colcon.colcon_core.shell:create_environment_hook('robot_serial', 'pythonpath')
[10.072s] INFO:colcon.colcon_core.shell:Creating environment hook '/home/robot/Project/robot_ws/src/install/robot_serial/share/robot_serial/hook/pythonpath.ps1'
[10.072s] INFO:colcon.colcon_core.shell:Creating environment descriptor '/home/robot/Project/robot_ws/src/install/robot_serial/share/robot_serial/hook/pythonpath.dsv'
[10.073s] INFO:colcon.colcon_core.shell:Creating environment hook '/home/robot/Project/robot_ws/src/install/robot_serial/share/robot_serial/hook/pythonpath.sh'
[10.074s] Level 1:colcon.colcon_core.environment:checking '/home/robot/Project/robot_ws/src/install/robot_serial/bin'
[10.074s] Level 1:colcon.colcon_core.environment:create_environment_scripts_only(robot_serial)
[10.075s] INFO:colcon.colcon_core.shell:Creating package script '/home/robot/Project/robot_ws/src/install/robot_serial/share/robot_serial/package.ps1'
[10.081s] INFO:colcon.colcon_core.shell:Creating package descriptor '/home/robot/Project/robot_ws/src/install/robot_serial/share/robot_serial/package.dsv'
[10.082s] INFO:colcon.colcon_core.shell:Creating package script '/home/robot/Project/robot_ws/src/install/robot_serial/share/robot_serial/package.sh'
[10.082s] INFO:colcon.colcon_core.shell:Creating package script '/home/robot/Project/robot_ws/src/install/robot_serial/share/robot_serial/package.bash'
[10.083s] INFO:colcon.colcon_core.shell:Creating package script '/home/robot/Project/robot_ws/src/install/robot_serial/share/robot_serial/package.zsh'
[10.083s] Level 1:colcon.colcon_core.environment:create_file_with_runtime_dependencies(/home/robot/Project/robot_ws/src/install/robot_serial/share/colcon-core/packages/robot_serial)
[11.176s] DEBUG:colcon.colcon_core.task.python.build:Available setuptools commands: install_lib, bdist, saveopts, sdist, easy_install, upload_docs, rotate, bdist_egg, build_py, setopt, build_ext, compile_catalog, alias, build_clib, test, install, bdist_dumb, extract_messages, init_catalog, upload, clean, develop, bdist_wheel, install_egg_info, install_data, bdist_rpm, check, build_scripts, build, symlink_data, install_headers, update_catalog, install_scripts, egg_info, register, dist_info, editable_wheel
[11.184s] DEBUG:colcon.colcon_core.event_handler.log_command:Invoking command in '/home/robot/Project/robot_ws/src/teleop_key': DEBUGINFOD_URLS=https://debuginfod.ubuntu.com PYTHONPATH=/home/robot/Project/robot_ws/src/build/teleop_key/prefix_override:/usr/lib/python3/dist-packages/colcon_core/task/python/colcon_distutils_commands:/home/robot/Project/robot_ws/src/install/teleop_key/lib/python3.12/site-packages:${PYTHONPATH} /usr/bin/python3 -W ignore:setup.py install is deprecated -W ignore:easy_install command is deprecated setup.py egg_info --egg-base ../build/teleop_key build --build-base /home/robot/Project/robot_ws/src/build/teleop_key/build install --record /home/robot/Project/robot_ws/src/build/teleop_key/install.log --install-scripts $base/lib/teleop_key --single-version-externally-managed install_data
[12.439s] Level 1:colcon.colcon_core.environment:checking '/home/robot/Project/robot_ws/src/install/teleop_key' for CMake module files
[12.440s] DEBUG:colcon.colcon_core.event_handler.log_command:Invoked command in '/home/robot/Project/robot_ws/src/teleop_key' returned '0': DEBUGINFOD_URLS=https://debuginfod.ubuntu.com PYTHONPATH=/home/robot/Project/robot_ws/src/build/teleop_key/prefix_override:/usr/lib/python3/dist-packages/colcon_core/task/python/colcon_distutils_commands:/home/robot/Project/robot_ws/src/install/teleop_key/lib/python3.12/site-packages:${PYTHONPATH} /usr/bin/python3 -W ignore:setup.py install is deprecated -W ignore:easy_install command is deprecated setup.py egg_info --egg-base ../build/teleop_key build --build-base /home/robot/Project/robot_ws/src/build/teleop_key/build install --record /home/robot/Project/robot_ws/src/build/teleop_key/install.log --install-scripts $base/lib/teleop_key --single-version-externally-managed install_data
[12.441s] Level 1:colcon.colcon_core.environment:checking '/home/robot/Project/robot_ws/src/install/teleop_key' for CMake config files
[12.441s] Level 1:colcon.colcon_core.environment:checking '/home/robot/Project/robot_ws/src/install/teleop_key/lib'
[12.441s] Level 1:colcon.colcon_core.environment:checking '/home/robot/Project/robot_ws/src/install/teleop_key/bin'
[12.441s] Level 1:colcon.colcon_core.environment:checking '/home/robot/Project/robot_ws/src/install/teleop_key/lib/pkgconfig/teleop_key.pc'
[12.442s] Level 1:colcon.colcon_core.environment:checking '/home/robot/Project/robot_ws/src/install/teleop_key/lib/python3.12/site-packages'
[12.442s] Level 1:colcon.colcon_core.shell:create_environment_hook('teleop_key', 'pythonpath')
[12.442s] INFO:colcon.colcon_core.shell:Creating environment hook '/home/robot/Project/robot_ws/src/install/teleop_key/share/teleop_key/hook/pythonpath.ps1'
[12.443s] INFO:colcon.colcon_core.shell:Creating environment descriptor '/home/robot/Project/robot_ws/src/install/teleop_key/share/teleop_key/hook/pythonpath.dsv'
[12.443s] INFO:colcon.colcon_core.shell:Creating environment hook '/home/robot/Project/robot_ws/src/install/teleop_key/share/teleop_key/hook/pythonpath.sh'
[12.444s] Level 1:colcon.colcon_core.environment:checking '/home/robot/Project/robot_ws/src/install/teleop_key/bin'
[12.444s] Level 1:colcon.colcon_core.environment:create_environment_scripts_only(teleop_key)
[12.444s] INFO:colcon.colcon_core.shell:Creating package script '/home/robot/Project/robot_ws/src/install/teleop_key/share/teleop_key/package.ps1'
[12.445s] INFO:colcon.colcon_core.shell:Creating package descriptor '/home/robot/Project/robot_ws/src/install/teleop_key/share/teleop_key/package.dsv'
[12.446s] INFO:colcon.colcon_core.shell:Creating package script '/home/robot/Project/robot_ws/src/install/teleop_key/share/teleop_key/package.sh'
[12.446s] INFO:colcon.colcon_core.shell:Creating package script '/home/robot/Project/robot_ws/src/install/teleop_key/share/teleop_key/package.bash'
[12.447s] INFO:colcon.colcon_core.shell:Creating package script '/home/robot/Project/robot_ws/src/install/teleop_key/share/teleop_key/package.zsh'
[12.447s] Level 1:colcon.colcon_core.environment:create_file_with_runtime_dependencies(/home/robot/Project/robot_ws/src/install/teleop_key/share/colcon-core/packages/teleop_key)
[12.447s] DEBUG:colcon.colcon_parallel_executor.executor.parallel:closing loop
[12.448s] DEBUG:colcon.colcon_parallel_executor.executor.parallel:loop closed
[12.448s] DEBUG:colcon.colcon_parallel_executor.executor.parallel:run_until_complete finished with '0'
[12.448s] DEBUG:colcon.colcon_core.event_reactor:joining thread
[12.461s] INFO:colcon.colcon_core.plugin_system:Skipping extension 'colcon_notification.desktop_notification.terminal_notifier': Not used on non-Darwin systems
[12.462s] INFO:colcon.colcon_core.plugin_system:Skipping extension 'colcon_notification.desktop_notification.win32': Not used on non-Windows systems
[12.462s] INFO:colcon.colcon_notification.desktop_notification:Sending desktop notification using 'notify2'
[12.488s] DEBUG:colcon.colcon_core.event_reactor:joined thread
[12.489s] INFO:colcon.colcon_core.shell:Creating prefix script '/home/robot/Project/robot_ws/src/install/local_setup.ps1'
[12.490s] INFO:colcon.colcon_core.shell:Creating prefix util module '/home/robot/Project/robot_ws/src/install/_local_setup_util_ps1.py'
[12.492s] INFO:colcon.colcon_core.shell:Creating prefix chain script '/home/robot/Project/robot_ws/src/install/setup.ps1'
[12.494s] INFO:colcon.colcon_core.shell:Creating prefix script '/home/robot/Project/robot_ws/src/install/local_setup.sh'
[12.495s] INFO:colcon.colcon_core.shell:Creating prefix util module '/home/robot/Project/robot_ws/src/install/_local_setup_util_sh.py'
[12.497s] INFO:colcon.colcon_core.shell:Creating prefix chain script '/home/robot/Project/robot_ws/src/install/setup.sh'
[12.500s] INFO:colcon.colcon_core.shell:Creating prefix script '/home/robot/Project/robot_ws/src/install/local_setup.bash'
[12.503s] INFO:colcon.colcon_core.shell:Creating prefix chain script '/home/robot/Project/robot_ws/src/install/setup.bash'
[12.508s] INFO:colcon.colcon_core.shell:Creating prefix script '/home/robot/Project/robot_ws/src/install/local_setup.zsh'
[12.510s] INFO:colcon.colcon_core.shell:Creating prefix chain script '/home/robot/Project/robot_ws/src/install/setup.zsh'
