running egg_info
creating ../build/teleop_key/teleop_key.egg-info
writing ../build/teleop_key/teleop_key.egg-info/PKG-INFO
writing dependency_links to ../build/teleop_key/teleop_key.egg-info/dependency_links.txt
writing entry points to ../build/teleop_key/teleop_key.egg-info/entry_points.txt
writing requirements to ../build/teleop_key/teleop_key.egg-info/requires.txt
writing top-level names to ../build/teleop_key/teleop_key.egg-info/top_level.txt
writing manifest file '../build/teleop_key/teleop_key.egg-info/SOURCES.txt'
reading manifest file '../build/teleop_key/teleop_key.egg-info/SOURCES.txt'
writing manifest file '../build/teleop_key/teleop_key.egg-info/SOURCES.txt'
running build
running build_py
creating /home/robot/Project/robot_ws/src/build/teleop_key/build
creating /home/robot/Project/robot_ws/src/build/teleop_key/build/lib
creating /home/robot/Project/robot_ws/src/build/teleop_key/build/lib/teleop_key
copying teleop_key/teleop_key.py -> /home/robot/Project/robot_ws/src/build/teleop_key/build/lib/teleop_key
copying teleop_key/__init__.py -> /home/robot/Project/robot_ws/src/build/teleop_key/build/lib/teleop_key
running install
running install_lib
creating /home/robot/Project/robot_ws/src/install/teleop_key/lib/python3.12/site-packages/teleop_key
copying /home/robot/Project/robot_ws/src/build/teleop_key/build/lib/teleop_key/teleop_key.py -> /home/robot/Project/robot_ws/src/install/teleop_key/lib/python3.12/site-packages/teleop_key
copying /home/robot/Project/robot_ws/src/build/teleop_key/build/lib/teleop_key/__init__.py -> /home/robot/Project/robot_ws/src/install/teleop_key/lib/python3.12/site-packages/teleop_key
byte-compiling /home/robot/Project/robot_ws/src/install/teleop_key/lib/python3.12/site-packages/teleop_key/teleop_key.py to teleop_key.cpython-312.pyc
byte-compiling /home/robot/Project/robot_ws/src/install/teleop_key/lib/python3.12/site-packages/teleop_key/__init__.py to __init__.cpython-312.pyc
running install_data
creating /home/robot/Project/robot_ws/src/install/teleop_key/share/ament_index
creating /home/robot/Project/robot_ws/src/install/teleop_key/share/ament_index/resource_index
creating /home/robot/Project/robot_ws/src/install/teleop_key/share/ament_index/resource_index/packages
copying resource/teleop_key -> /home/robot/Project/robot_ws/src/install/teleop_key/share/ament_index/resource_index/packages
copying package.xml -> /home/robot/Project/robot_ws/src/install/teleop_key/share/teleop_key
creating /home/robot/Project/robot_ws/src/install/teleop_key/share/teleop_key/launch
copying launch/teleop.launch.py -> /home/robot/Project/robot_ws/src/install/teleop_key/share/teleop_key/launch
running install_egg_info
Copying ../build/teleop_key/teleop_key.egg-info to /home/robot/Project/robot_ws/src/install/teleop_key/lib/python3.12/site-packages/teleop_key-0.0.0-py3.12.egg-info
running install_scripts
Installing teleop_key script to /home/robot/Project/robot_ws/src/install/teleop_key/lib/teleop_key
writing list of installed files to '/home/robot/Project/robot_ws/src/build/teleop_key/install.log'
