[0.158s] DEBUG:colcon:Command line arguments: ['/usr/bin/colcon', 'build', '--packages-select', 'delivery_mission']
[0.158s] DEBUG:colcon:Parsed command line arguments: Namespace(log_base=None, log_level=None, verb_name='build', build_base='build', install_base='install', merge_install=False, symlink_install=False, test_result_base=None, continue_on_error=False, executor='parallel', parallel_workers=4, event_handlers=None, ignore_user_meta=False, metas=['./colcon.meta'], base_paths=['.'], packages_ignore=None, packages_ignore_regex=None, paths=None, packages_up_to=None, packages_up_to_regex=None, packages_above=None, packages_above_and_dependencies=None, packages_above_depth=None, packages_select_by_dep=None, packages_skip_by_dep=None, packages_skip_up_to=None, packages_select_build_failed=False, packages_skip_build_finished=False, packages_select_test_failures=False, packages_skip_test_passed=False, packages_select=['delivery_mission'], packages_skip=None, packages_select_regex=None, packages_skip_regex=None, packages_start=None, packages_end=None, allow_overriding=[], cmake_args=None, cmake_target=None, cmake_target_skip_unavailable=False, cmake_clean_cache=False, cmake_clean_first=False, cmake_force_configure=False, ament_cmake_args=None, catkin_cmake_args=None, catkin_skip_building_tests=False, mixin_files=None, mixin=None, verb_parser=<colcon_mixin.mixin.mixin_argument.MixinArgumentDecorator object at 0xffffbcd02930>, verb_extension=<colcon_core.verb.build.BuildVerb object at 0xffffbcd02660>, main=<bound method BuildVerb.main of <colcon_core.verb.build.BuildVerb object at 0xffffbcd02660>>, mixin_verb=('build',))
[0.217s] Level 1:colcon.colcon_core.package_discovery:discover_packages(colcon_meta) check parameters
[0.217s] Level 1:colcon.colcon_core.package_discovery:discover_packages(recursive) check parameters
[0.217s] Level 1:colcon.colcon_core.package_discovery:discover_packages(ignore) check parameters
[0.217s] Level 1:colcon.colcon_core.package_discovery:discover_packages(path) check parameters
[0.217s] Level 1:colcon.colcon_core.package_discovery:discover_packages(colcon_meta) discover
[0.217s] Level 1:colcon.colcon_core.package_discovery:discover_packages(recursive) discover
[0.217s] INFO:colcon.colcon_core.package_discovery:Crawling recursively for packages in '/home/robot/Project/robot_ws/src'
[0.217s] Level 1:colcon.colcon_core.package_identification:_identify(.) by extensions ['ignore', 'ignore_ament_install']
[0.218s] Level 1:colcon.colcon_core.package_identification:_identify(.) by extension 'ignore'
[0.218s] Level 1:colcon.colcon_core.package_identification:_identify(.) by extension 'ignore_ament_install'
[0.218s] Level 1:colcon.colcon_core.package_identification:_identify(.) by extensions ['colcon_pkg']
[0.218s] Level 1:colcon.colcon_core.package_identification:_identify(.) by extension 'colcon_pkg'
[0.218s] Level 1:colcon.colcon_core.package_identification:_identify(.) by extensions ['colcon_meta']
[0.218s] Level 1:colcon.colcon_core.package_identification:_identify(.) by extension 'colcon_meta'
[0.218s] Level 1:colcon.colcon_core.package_identification:_identify(.) by extensions ['ros']
[0.218s] Level 1:colcon.colcon_core.package_identification:_identify(.) by extension 'ros'
[0.260s] Level 1:colcon.colcon_core.package_identification:_identify(.) by extensions ['cmake', 'python']
[0.260s] Level 1:colcon.colcon_core.package_identification:_identify(.) by extension 'cmake'
[0.260s] Level 1:colcon.colcon_core.package_identification:_identify(.) by extension 'python'
[0.261s] Level 1:colcon.colcon_core.package_identification:_identify(.) by extensions ['python_setup_py']
[0.261s] Level 1:colcon.colcon_core.package_identification:_identify(.) by extension 'python_setup_py'
[0.261s] Level 1:colcon.colcon_core.package_identification:_identify(build) by extensions ['ignore', 'ignore_ament_install']
[0.261s] Level 1:colcon.colcon_core.package_identification:_identify(build) by extension 'ignore'
[0.261s] Level 1:colcon.colcon_core.package_identification:_identify(build) ignored
[0.261s] Level 1:colcon.colcon_core.package_identification:_identify(delivery_mission) by extensions ['ignore', 'ignore_ament_install']
[0.261s] Level 1:colcon.colcon_core.package_identification:_identify(delivery_mission) by extension 'ignore'
[0.261s] Level 1:colcon.colcon_core.package_identification:_identify(delivery_mission) by extension 'ignore_ament_install'
[0.261s] Level 1:colcon.colcon_core.package_identification:_identify(delivery_mission) by extensions ['colcon_pkg']
[0.261s] Level 1:colcon.colcon_core.package_identification:_identify(delivery_mission) by extension 'colcon_pkg'
[0.261s] Level 1:colcon.colcon_core.package_identification:_identify(delivery_mission) by extensions ['colcon_meta']
[0.261s] Level 1:colcon.colcon_core.package_identification:_identify(delivery_mission) by extension 'colcon_meta'
[0.262s] Level 1:colcon.colcon_core.package_identification:_identify(delivery_mission) by extensions ['ros']
[0.262s] Level 1:colcon.colcon_core.package_identification:_identify(delivery_mission) by extension 'ros'
[0.265s] DEBUG:colcon.colcon_core.package_identification:Package 'delivery_mission' with type 'ros.ament_python' and name 'delivery_mission'
[0.267s] Level 1:colcon.colcon_core.package_identification:_identify(install) by extensions ['ignore', 'ignore_ament_install']
[0.267s] Level 1:colcon.colcon_core.package_identification:_identify(install) by extension 'ignore'
[0.267s] Level 1:colcon.colcon_core.package_identification:_identify(install) ignored
[0.267s] Level 1:colcon.colcon_core.package_identification:_identify(log) by extensions ['ignore', 'ignore_ament_install']
[0.268s] Level 1:colcon.colcon_core.package_identification:_identify(log) by extension 'ignore'
[0.268s] Level 1:colcon.colcon_core.package_identification:_identify(log) ignored
[0.268s] Level 1:colcon.colcon_core.package_identification:_identify(robot_bringup) by extensions ['ignore', 'ignore_ament_install']
[0.268s] Level 1:colcon.colcon_core.package_identification:_identify(robot_bringup) by extension 'ignore'
[0.268s] Level 1:colcon.colcon_core.package_identification:_identify(robot_bringup) by extension 'ignore_ament_install'
[0.268s] Level 1:colcon.colcon_core.package_identification:_identify(robot_bringup) by extensions ['colcon_pkg']
[0.268s] Level 1:colcon.colcon_core.package_identification:_identify(robot_bringup) by extension 'colcon_pkg'
[0.268s] Level 1:colcon.colcon_core.package_identification:_identify(robot_bringup) by extensions ['colcon_meta']
[0.268s] Level 1:colcon.colcon_core.package_identification:_identify(robot_bringup) by extension 'colcon_meta'
[0.268s] Level 1:colcon.colcon_core.package_identification:_identify(robot_bringup) by extensions ['ros']
[0.268s] Level 1:colcon.colcon_core.package_identification:_identify(robot_bringup) by extension 'ros'
[0.269s] DEBUG:colcon.colcon_core.package_identification:Package 'robot_bringup' with type 'ros.ament_python' and name 'robot_bringup'
[0.269s] Level 1:colcon.colcon_core.package_identification:_identify(robot_calibrate) by extensions ['ignore', 'ignore_ament_install']
[0.269s] Level 1:colcon.colcon_core.package_identification:_identify(robot_calibrate) by extension 'ignore'
[0.269s] Level 1:colcon.colcon_core.package_identification:_identify(robot_calibrate) by extension 'ignore_ament_install'
[0.269s] Level 1:colcon.colcon_core.package_identification:_identify(robot_calibrate) by extensions ['colcon_pkg']
[0.269s] Level 1:colcon.colcon_core.package_identification:_identify(robot_calibrate) by extension 'colcon_pkg'
[0.269s] Level 1:colcon.colcon_core.package_identification:_identify(robot_calibrate) by extensions ['colcon_meta']
[0.269s] Level 1:colcon.colcon_core.package_identification:_identify(robot_calibrate) by extension 'colcon_meta'
[0.269s] Level 1:colcon.colcon_core.package_identification:_identify(robot_calibrate) by extensions ['ros']
[0.269s] Level 1:colcon.colcon_core.package_identification:_identify(robot_calibrate) by extension 'ros'
[0.270s] DEBUG:colcon.colcon_core.package_identification:Package 'robot_calibrate' with type 'ros.ament_python' and name 'robot_calibrate'
[0.270s] Level 1:colcon.colcon_core.package_identification:_identify(robot_dashboard) by extensions ['ignore', 'ignore_ament_install']
[0.270s] Level 1:colcon.colcon_core.package_identification:_identify(robot_dashboard) by extension 'ignore'
[0.270s] Level 1:colcon.colcon_core.package_identification:_identify(robot_dashboard) by extension 'ignore_ament_install'
[0.270s] Level 1:colcon.colcon_core.package_identification:_identify(robot_dashboard) by extensions ['colcon_pkg']
[0.270s] Level 1:colcon.colcon_core.package_identification:_identify(robot_dashboard) by extension 'colcon_pkg'
[0.270s] Level 1:colcon.colcon_core.package_identification:_identify(robot_dashboard) by extensions ['colcon_meta']
[0.270s] Level 1:colcon.colcon_core.package_identification:_identify(robot_dashboard) by extension 'colcon_meta'
[0.270s] Level 1:colcon.colcon_core.package_identification:_identify(robot_dashboard) by extensions ['ros']
[0.270s] Level 1:colcon.colcon_core.package_identification:_identify(robot_dashboard) by extension 'ros'
[0.270s] Level 1:colcon.colcon_core.package_identification:_identify(robot_dashboard) by extensions ['cmake', 'python']
[0.271s] Level 1:colcon.colcon_core.package_identification:_identify(robot_dashboard) by extension 'cmake'
[0.271s] Level 1:colcon.colcon_core.package_identification:_identify(robot_dashboard) by extension 'python'
[0.271s] Level 1:colcon.colcon_core.package_identification:_identify(robot_dashboard) by extensions ['python_setup_py']
[0.271s] Level 1:colcon.colcon_core.package_identification:_identify(robot_dashboard) by extension 'python_setup_py'
[0.271s] Level 1:colcon.colcon_core.package_identification:_identify(robot_dashboard/__pycache__) by extensions ['ignore', 'ignore_ament_install']
[0.271s] Level 1:colcon.colcon_core.package_identification:_identify(robot_dashboard/__pycache__) by extension 'ignore'
[0.271s] Level 1:colcon.colcon_core.package_identification:_identify(robot_dashboard/__pycache__) by extension 'ignore_ament_install'
[0.271s] Level 1:colcon.colcon_core.package_identification:_identify(robot_dashboard/__pycache__) by extensions ['colcon_pkg']
[0.271s] Level 1:colcon.colcon_core.package_identification:_identify(robot_dashboard/__pycache__) by extension 'colcon_pkg'
[0.271s] Level 1:colcon.colcon_core.package_identification:_identify(robot_dashboard/__pycache__) by extensions ['colcon_meta']
[0.271s] Level 1:colcon.colcon_core.package_identification:_identify(robot_dashboard/__pycache__) by extension 'colcon_meta'
[0.271s] Level 1:colcon.colcon_core.package_identification:_identify(robot_dashboard/__pycache__) by extensions ['ros']
[0.271s] Level 1:colcon.colcon_core.package_identification:_identify(robot_dashboard/__pycache__) by extension 'ros'
[0.271s] Level 1:colcon.colcon_core.package_identification:_identify(robot_dashboard/__pycache__) by extensions ['cmake', 'python']
[0.271s] Level 1:colcon.colcon_core.package_identification:_identify(robot_dashboard/__pycache__) by extension 'cmake'
[0.271s] Level 1:colcon.colcon_core.package_identification:_identify(robot_dashboard/__pycache__) by extension 'python'
[0.271s] Level 1:colcon.colcon_core.package_identification:_identify(robot_dashboard/__pycache__) by extensions ['python_setup_py']
[0.271s] Level 1:colcon.colcon_core.package_identification:_identify(robot_dashboard/__pycache__) by extension 'python_setup_py'
[0.272s] Level 1:colcon.colcon_core.package_identification:_identify(robot_description) by extensions ['ignore', 'ignore_ament_install']
[0.274s] Level 1:colcon.colcon_core.package_identification:_identify(robot_description) by extension 'ignore'
[0.274s] Level 1:colcon.colcon_core.package_identification:_identify(robot_description) by extension 'ignore_ament_install'
[0.274s] Level 1:colcon.colcon_core.package_identification:_identify(robot_description) by extensions ['colcon_pkg']
[0.274s] Level 1:colcon.colcon_core.package_identification:_identify(robot_description) by extension 'colcon_pkg'
[0.274s] Level 1:colcon.colcon_core.package_identification:_identify(robot_description) by extensions ['colcon_meta']
[0.274s] Level 1:colcon.colcon_core.package_identification:_identify(robot_description) by extension 'colcon_meta'
[0.274s] Level 1:colcon.colcon_core.package_identification:_identify(robot_description) by extensions ['ros']
[0.274s] Level 1:colcon.colcon_core.package_identification:_identify(robot_description) by extension 'ros'
[0.275s] DEBUG:colcon.colcon_core.package_identification:Package 'robot_description' with type 'ros.ament_python' and name 'robot_description'
[0.275s] Level 1:colcon.colcon_core.package_identification:_identify(robot_navigation) by extensions ['ignore', 'ignore_ament_install']
[0.275s] Level 1:colcon.colcon_core.package_identification:_identify(robot_navigation) by extension 'ignore'
[0.275s] Level 1:colcon.colcon_core.package_identification:_identify(robot_navigation) by extension 'ignore_ament_install'
[0.275s] Level 1:colcon.colcon_core.package_identification:_identify(robot_navigation) by extensions ['colcon_pkg']
[0.275s] Level 1:colcon.colcon_core.package_identification:_identify(robot_navigation) by extension 'colcon_pkg'
[0.275s] Level 1:colcon.colcon_core.package_identification:_identify(robot_navigation) by extensions ['colcon_meta']
[0.275s] Level 1:colcon.colcon_core.package_identification:_identify(robot_navigation) by extension 'colcon_meta'
[0.275s] Level 1:colcon.colcon_core.package_identification:_identify(robot_navigation) by extensions ['ros']
[0.275s] Level 1:colcon.colcon_core.package_identification:_identify(robot_navigation) by extension 'ros'
[0.276s] DEBUG:colcon.colcon_core.package_identification:Package 'robot_navigation' with type 'ros.ament_python' and name 'robot_navigation'
[0.277s] Level 1:colcon.colcon_core.package_identification:_identify(robot_odometry) by extensions ['ignore', 'ignore_ament_install']
[0.277s] Level 1:colcon.colcon_core.package_identification:_identify(robot_odometry) by extension 'ignore'
[0.280s] Level 1:colcon.colcon_core.package_identification:_identify(robot_odometry) by extension 'ignore_ament_install'
[0.280s] Level 1:colcon.colcon_core.package_identification:_identify(robot_odometry) by extensions ['colcon_pkg']
[0.280s] Level 1:colcon.colcon_core.package_identification:_identify(robot_odometry) by extension 'colcon_pkg'
[0.280s] Level 1:colcon.colcon_core.package_identification:_identify(robot_odometry) by extensions ['colcon_meta']
[0.280s] Level 1:colcon.colcon_core.package_identification:_identify(robot_odometry) by extension 'colcon_meta'
[0.280s] Level 1:colcon.colcon_core.package_identification:_identify(robot_odometry) by extensions ['ros']
[0.280s] Level 1:colcon.colcon_core.package_identification:_identify(robot_odometry) by extension 'ros'
[0.281s] DEBUG:colcon.colcon_core.package_identification:Package 'robot_odometry' with type 'ros.ament_python' and name 'robot_odometry'
[0.281s] Level 1:colcon.colcon_core.package_identification:_identify(robot_serial) by extensions ['ignore', 'ignore_ament_install']
[0.281s] Level 1:colcon.colcon_core.package_identification:_identify(robot_serial) by extension 'ignore'
[0.281s] Level 1:colcon.colcon_core.package_identification:_identify(robot_serial) by extension 'ignore_ament_install'
[0.281s] Level 1:colcon.colcon_core.package_identification:_identify(robot_serial) by extensions ['colcon_pkg']
[0.281s] Level 1:colcon.colcon_core.package_identification:_identify(robot_serial) by extension 'colcon_pkg'
[0.281s] Level 1:colcon.colcon_core.package_identification:_identify(robot_serial) by extensions ['colcon_meta']
[0.281s] Level 1:colcon.colcon_core.package_identification:_identify(robot_serial) by extension 'colcon_meta'
[0.281s] Level 1:colcon.colcon_core.package_identification:_identify(robot_serial) by extensions ['ros']
[0.281s] Level 1:colcon.colcon_core.package_identification:_identify(robot_serial) by extension 'ros'
[0.282s] DEBUG:colcon.colcon_core.package_identification:Package 'robot_serial' with type 'ros.ament_python' and name 'robot_serial'
[0.282s] Level 1:colcon.colcon_core.package_identification:_identify(safety_node) by extensions ['ignore', 'ignore_ament_install']
[0.282s] Level 1:colcon.colcon_core.package_identification:_identify(safety_node) by extension 'ignore'
[0.282s] Level 1:colcon.colcon_core.package_identification:_identify(safety_node) by extension 'ignore_ament_install'
[0.282s] Level 1:colcon.colcon_core.package_identification:_identify(safety_node) by extensions ['colcon_pkg']
[0.282s] Level 1:colcon.colcon_core.package_identification:_identify(safety_node) by extension 'colcon_pkg'
[0.282s] Level 1:colcon.colcon_core.package_identification:_identify(safety_node) by extensions ['colcon_meta']
[0.282s] Level 1:colcon.colcon_core.package_identification:_identify(safety_node) by extension 'colcon_meta'
[0.282s] Level 1:colcon.colcon_core.package_identification:_identify(safety_node) by extensions ['ros']
[0.282s] Level 1:colcon.colcon_core.package_identification:_identify(safety_node) by extension 'ros'
[0.283s] DEBUG:colcon.colcon_core.package_identification:Package 'safety_node' with type 'ros.ament_python' and name 'safety_node'
[0.283s] Level 1:colcon.colcon_core.package_identification:_identify(teleop_key) by extensions ['ignore', 'ignore_ament_install']
[0.283s] Level 1:colcon.colcon_core.package_identification:_identify(teleop_key) by extension 'ignore'
[0.283s] Level 1:colcon.colcon_core.package_identification:_identify(teleop_key) by extension 'ignore_ament_install'
[0.283s] Level 1:colcon.colcon_core.package_identification:_identify(teleop_key) by extensions ['colcon_pkg']
[0.283s] Level 1:colcon.colcon_core.package_identification:_identify(teleop_key) by extension 'colcon_pkg'
[0.283s] Level 1:colcon.colcon_core.package_identification:_identify(teleop_key) by extensions ['colcon_meta']
[0.283s] Level 1:colcon.colcon_core.package_identification:_identify(teleop_key) by extension 'colcon_meta'
[0.283s] Level 1:colcon.colcon_core.package_identification:_identify(teleop_key) by extensions ['ros']
[0.283s] Level 1:colcon.colcon_core.package_identification:_identify(teleop_key) by extension 'ros'
[0.284s] DEBUG:colcon.colcon_core.package_identification:Package 'teleop_key' with type 'ros.ament_python' and name 'teleop_key'
[0.285s] Level 1:colcon.colcon_core.package_discovery:discover_packages(recursive) using defaults
[0.285s] Level 1:colcon.colcon_core.package_discovery:discover_packages(ignore) discover
[0.285s] Level 1:colcon.colcon_core.package_discovery:discover_packages(ignore) using defaults
[0.285s] Level 1:colcon.colcon_core.package_discovery:discover_packages(path) discover
[0.285s] Level 1:colcon.colcon_core.package_discovery:discover_packages(path) using defaults
[0.315s] INFO:colcon.colcon_core.package_selection:Skipping not selected package 'robot_bringup' in 'robot_bringup'
[0.315s] INFO:colcon.colcon_core.package_selection:Skipping not selected package 'robot_calibrate' in 'robot_calibrate'
[0.315s] INFO:colcon.colcon_core.package_selection:Skipping not selected package 'robot_description' in 'robot_description'
[0.315s] INFO:colcon.colcon_core.package_selection:Skipping not selected package 'robot_navigation' in 'robot_navigation'
[0.315s] INFO:colcon.colcon_core.package_selection:Skipping not selected package 'robot_odometry' in 'robot_odometry'
[0.315s] INFO:colcon.colcon_core.package_selection:Skipping not selected package 'robot_serial' in 'robot_serial'
[0.315s] INFO:colcon.colcon_core.package_selection:Skipping not selected package 'safety_node' in 'safety_node'
[0.315s] INFO:colcon.colcon_core.package_selection:Skipping not selected package 'teleop_key' in 'teleop_key'
[0.316s] Level 1:colcon.colcon_core.package_discovery:discover_packages(prefix_path) check parameters
[0.316s] Level 1:colcon.colcon_core.package_discovery:discover_packages(prefix_path) discover
[0.319s] DEBUG:colcon.colcon_installed_package_information.package_discovery:Found 9 installed packages in /home/robot/Project/robot_ws/install
[0.322s] DEBUG:colcon.colcon_installed_package_information.package_discovery:Found 393 installed packages in /opt/ros/jazzy
[0.327s] Level 1:colcon.colcon_core.package_discovery:discover_packages(prefix_path) using defaults
[0.411s] Level 5:colcon.colcon_core.verb:set package 'delivery_mission' build argument 'cmake_args' from command line to 'None'
[0.411s] Level 5:colcon.colcon_core.verb:set package 'delivery_mission' build argument 'cmake_target' from command line to 'None'
[0.411s] Level 5:colcon.colcon_core.verb:set package 'delivery_mission' build argument 'cmake_target_skip_unavailable' from command line to 'False'
[0.411s] Level 5:colcon.colcon_core.verb:set package 'delivery_mission' build argument 'cmake_clean_cache' from command line to 'False'
[0.411s] Level 5:colcon.colcon_core.verb:set package 'delivery_mission' build argument 'cmake_clean_first' from command line to 'False'
[0.411s] Level 5:colcon.colcon_core.verb:set package 'delivery_mission' build argument 'cmake_force_configure' from command line to 'False'
[0.411s] Level 5:colcon.colcon_core.verb:set package 'delivery_mission' build argument 'ament_cmake_args' from command line to 'None'
[0.411s] Level 5:colcon.colcon_core.verb:set package 'delivery_mission' build argument 'catkin_cmake_args' from command line to 'None'
[0.411s] Level 5:colcon.colcon_core.verb:set package 'delivery_mission' build argument 'catkin_skip_building_tests' from command line to 'False'
[0.411s] DEBUG:colcon.colcon_core.verb:Building package 'delivery_mission' with the following arguments: {'ament_cmake_args': None, 'build_base': '/home/robot/Project/robot_ws/src/build/delivery_mission', 'catkin_cmake_args': None, 'catkin_skip_building_tests': False, 'cmake_args': None, 'cmake_clean_cache': False, 'cmake_clean_first': False, 'cmake_force_configure': False, 'cmake_target': None, 'cmake_target_skip_unavailable': False, 'install_base': '/home/robot/Project/robot_ws/src/install/delivery_mission', 'merge_install': False, 'path': '/home/robot/Project/robot_ws/src/delivery_mission', 'symlink_install': False, 'test_result_base': None}
[0.412s] INFO:colcon.colcon_core.executor:Executing jobs using 'parallel' executor
[0.413s] DEBUG:colcon.colcon_parallel_executor.executor.parallel:run_until_complete
[0.414s] INFO:colcon.colcon_ros.task.ament_python.build:Building ROS package in '/home/robot/Project/robot_ws/src/delivery_mission' with build type 'ament_python'
[0.414s] Level 1:colcon.colcon_core.shell:create_environment_hook('delivery_mission', 'ament_prefix_path')
[0.425s] INFO:colcon.colcon_core.plugin_system:Skipping extension 'colcon_core.shell.bat': Not used on non-Windows systems
[0.426s] INFO:colcon.colcon_core.shell:Creating environment hook '/home/robot/Project/robot_ws/src/install/delivery_mission/share/delivery_mission/hook/ament_prefix_path.ps1'
[0.430s] INFO:colcon.colcon_core.shell:Creating environment descriptor '/home/robot/Project/robot_ws/src/install/delivery_mission/share/delivery_mission/hook/ament_prefix_path.dsv'
[0.430s] INFO:colcon.colcon_core.shell:Creating environment hook '/home/robot/Project/robot_ws/src/install/delivery_mission/share/delivery_mission/hook/ament_prefix_path.sh'
[0.431s] INFO:colcon.colcon_core.shell:Skip shell extension 'powershell' for command environment: Not usable outside of PowerShell
[0.432s] DEBUG:colcon.colcon_core.shell:Skip shell extension 'dsv' for command environment
[0.889s] INFO:colcon.colcon_core.task.python.build:Building Python package in '/home/robot/Project/robot_ws/src/delivery_mission'
[0.890s] INFO:colcon.colcon_core.shell:Skip shell extension 'powershell' for command environment: Not usable outside of PowerShell
[0.890s] DEBUG:colcon.colcon_core.shell:Skip shell extension 'dsv' for command environment
[2.217s] DEBUG:colcon.colcon_core.task.python.build:Available setuptools commands: easy_install, build_clib, register, install_lib, extract_messages, install, check, dist_info, init_catalog, bdist, symlink_data, update_catalog, test, editable_wheel, install_headers, alias, upload_docs, bdist_wheel, bdist_egg, install_egg_info, install_data, setopt, upload, compile_catalog, develop, egg_info, build_scripts, install_scripts, build_py, sdist, build, bdist_dumb, build_ext, clean, rotate, saveopts, bdist_rpm
[2.221s] DEBUG:colcon.colcon_core.event_handler.log_command:Invoking command in '/home/robot/Project/robot_ws/src/delivery_mission': DEBUGINFOD_URLS=https://debuginfod.ubuntu.com PYTHONPATH=/home/robot/Project/robot_ws/src/build/delivery_mission/prefix_override:/usr/lib/python3/dist-packages/colcon_core/task/python/colcon_distutils_commands:/home/robot/Project/robot_ws/src/install/delivery_mission/lib/python3.12/site-packages:${PYTHONPATH} /usr/bin/python3 -W ignore:setup.py install is deprecated -W ignore:easy_install command is deprecated setup.py egg_info --egg-base ../build/delivery_mission build --build-base /home/robot/Project/robot_ws/src/build/delivery_mission/build install --record /home/robot/Project/robot_ws/src/build/delivery_mission/install.log --install-scripts $base/lib/delivery_mission --single-version-externally-managed install_data
[3.319s] DEBUG:colcon.colcon_core.event_handler.log_command:Invoked command in '/home/robot/Project/robot_ws/src/delivery_mission' returned '0': DEBUGINFOD_URLS=https://debuginfod.ubuntu.com PYTHONPATH=/home/robot/Project/robot_ws/src/build/delivery_mission/prefix_override:/usr/lib/python3/dist-packages/colcon_core/task/python/colcon_distutils_commands:/home/robot/Project/robot_ws/src/install/delivery_mission/lib/python3.12/site-packages:${PYTHONPATH} /usr/bin/python3 -W ignore:setup.py install is deprecated -W ignore:easy_install command is deprecated setup.py egg_info --egg-base ../build/delivery_mission build --build-base /home/robot/Project/robot_ws/src/build/delivery_mission/build install --record /home/robot/Project/robot_ws/src/build/delivery_mission/install.log --install-scripts $base/lib/delivery_mission --single-version-externally-managed install_data
[3.324s] Level 1:colcon.colcon_core.environment:checking '/home/robot/Project/robot_ws/src/install/delivery_mission' for CMake module files
[3.325s] Level 1:colcon.colcon_core.environment:checking '/home/robot/Project/robot_ws/src/install/delivery_mission' for CMake config files
[3.326s] Level 1:colcon.colcon_core.environment:checking '/home/robot/Project/robot_ws/src/install/delivery_mission/lib'
[3.327s] Level 1:colcon.colcon_core.environment:checking '/home/robot/Project/robot_ws/src/install/delivery_mission/bin'
[3.327s] Level 1:colcon.colcon_core.environment:checking '/home/robot/Project/robot_ws/src/install/delivery_mission/lib/pkgconfig/delivery_mission.pc'
[3.328s] Level 1:colcon.colcon_core.environment:checking '/home/robot/Project/robot_ws/src/install/delivery_mission/lib/python3.12/site-packages'
[3.328s] Level 1:colcon.colcon_core.shell:create_environment_hook('delivery_mission', 'pythonpath')
[3.332s] INFO:colcon.colcon_core.shell:Creating environment hook '/home/robot/Project/robot_ws/src/install/delivery_mission/share/delivery_mission/hook/pythonpath.ps1'
[3.340s] INFO:colcon.colcon_core.shell:Creating environment descriptor '/home/robot/Project/robot_ws/src/install/delivery_mission/share/delivery_mission/hook/pythonpath.dsv'
[3.341s] INFO:colcon.colcon_core.shell:Creating environment hook '/home/robot/Project/robot_ws/src/install/delivery_mission/share/delivery_mission/hook/pythonpath.sh'
[3.344s] Level 1:colcon.colcon_core.environment:checking '/home/robot/Project/robot_ws/src/install/delivery_mission/bin'
[3.345s] Level 1:colcon.colcon_core.environment:create_environment_scripts_only(delivery_mission)
[3.347s] INFO:colcon.colcon_core.shell:Creating package script '/home/robot/Project/robot_ws/src/install/delivery_mission/share/delivery_mission/package.ps1'
[3.351s] INFO:colcon.colcon_core.shell:Creating package descriptor '/home/robot/Project/robot_ws/src/install/delivery_mission/share/delivery_mission/package.dsv'
[3.356s] INFO:colcon.colcon_core.shell:Creating package script '/home/robot/Project/robot_ws/src/install/delivery_mission/share/delivery_mission/package.sh'
[3.363s] INFO:colcon.colcon_core.shell:Creating package script '/home/robot/Project/robot_ws/src/install/delivery_mission/share/delivery_mission/package.bash'
[3.365s] INFO:colcon.colcon_core.shell:Creating package script '/home/robot/Project/robot_ws/src/install/delivery_mission/share/delivery_mission/package.zsh'
[3.369s] Level 1:colcon.colcon_core.environment:create_file_with_runtime_dependencies(/home/robot/Project/robot_ws/src/install/delivery_mission/share/colcon-core/packages/delivery_mission)
[3.373s] DEBUG:colcon.colcon_parallel_executor.executor.parallel:closing loop
[3.373s] DEBUG:colcon.colcon_parallel_executor.executor.parallel:loop closed
[3.373s] DEBUG:colcon.colcon_parallel_executor.executor.parallel:run_until_complete finished with '0'
[3.373s] DEBUG:colcon.colcon_core.event_reactor:joining thread
[3.393s] INFO:colcon.colcon_core.plugin_system:Skipping extension 'colcon_notification.desktop_notification.terminal_notifier': Not used on non-Darwin systems
[3.394s] INFO:colcon.colcon_core.plugin_system:Skipping extension 'colcon_notification.desktop_notification.win32': Not used on non-Windows systems
[3.394s] INFO:colcon.colcon_notification.desktop_notification:Sending desktop notification using 'notify2'
[3.444s] DEBUG:colcon.colcon_core.event_reactor:joined thread
[3.445s] INFO:colcon.colcon_core.shell:Creating prefix script '/home/robot/Project/robot_ws/src/install/local_setup.ps1'
[3.451s] INFO:colcon.colcon_core.shell:Creating prefix util module '/home/robot/Project/robot_ws/src/install/_local_setup_util_ps1.py'
[3.454s] INFO:colcon.colcon_core.shell:Creating prefix chain script '/home/robot/Project/robot_ws/src/install/setup.ps1'
[3.461s] INFO:colcon.colcon_core.shell:Creating prefix script '/home/robot/Project/robot_ws/src/install/local_setup.sh'
[3.465s] INFO:colcon.colcon_core.shell:Creating prefix util module '/home/robot/Project/robot_ws/src/install/_local_setup_util_sh.py'
[3.469s] INFO:colcon.colcon_core.shell:Creating prefix chain script '/home/robot/Project/robot_ws/src/install/setup.sh'
[3.473s] INFO:colcon.colcon_core.shell:Creating prefix script '/home/robot/Project/robot_ws/src/install/local_setup.bash'
[3.475s] INFO:colcon.colcon_core.shell:Creating prefix chain script '/home/robot/Project/robot_ws/src/install/setup.bash'
[3.478s] INFO:colcon.colcon_core.shell:Creating prefix script '/home/robot/Project/robot_ws/src/install/local_setup.zsh'
[3.481s] INFO:colcon.colcon_core.shell:Creating prefix chain script '/home/robot/Project/robot_ws/src/install/setup.zsh'
